Component: ARM Compiler 5.05 update 1 (build 106) Tool: armlink [4d0efa]

==============================================================================

Section Cross References

    main.o(i.float_task) refers to _printf_percent.o(.ARM.Collect$$_printf_percent$$00000000) for _printf_percent
    main.o(i.float_task) refers to _printf_f.o(.ARM.Collect$$_printf_percent$$00000003) for _printf_f
    main.o(i.float_task) refers to printf1.o(x$fpl$printf1) for _printf_fp_dec
    main.o(i.float_task) refers to f2d.o(x$fpl$f2d) for __aeabi_f2d
    main.o(i.float_task) refers to noretval__2printf.o(.text) for __2printf
    main.o(i.float_task) refers to tasks.o(i.vTaskDelay) for vTaskDelay
    main.o(i.float_task) refers to main.o(.data) for .data
    main.o(i.led0_task) refers to tasks.o(i.vTaskDelay) for vTaskDelay
    main.o(i.led1_task) refers to tasks.o(i.vTaskDelay) for vTaskDelay
    main.o(i.main) refers to delay.o(i.delay_init) for delay_init
    main.o(i.main) refers to usart.o(i.uart_init) for uart_init
    main.o(i.main) refers to led.o(i.LED_Init) for LED_Init
    main.o(i.main) refers to tasks.o(i.xTaskCreate) for xTaskCreate
    main.o(i.main) refers to tasks.o(i.vTaskStartScheduler) for vTaskStartScheduler
    main.o(i.main) refers to main.o(.data) for .data
    main.o(i.main) refers to main.o(i.start_task) for start_task
    main.o(i.start_task) refers to port.o(i.vPortEnterCritical) for vPortEnterCritical
    main.o(i.start_task) refers to tasks.o(i.xTaskCreate) for xTaskCreate
    main.o(i.start_task) refers to tasks.o(i.vTaskDelete) for vTaskDelete
    main.o(i.start_task) refers to port.o(i.vPortExitCritical) for vPortExitCritical
    main.o(i.start_task) refers to main.o(.data) for .data
    main.o(i.start_task) refers to main.o(i.led0_task) for led0_task
    main.o(i.start_task) refers to main.o(i.led1_task) for led1_task
    main.o(i.start_task) refers to main.o(i.float_task) for float_task
    system_stm32f4xx.o(i.SystemCoreClockUpdate) refers to system_stm32f4xx.o(.data) for .data
    system_stm32f4xx.o(i.SystemCoreClockUpdate) refers to system_stm32f4xx.o(.constdata) for .constdata
    startup_stm32f407xx.o(STACK) refers (Special) to heapauxi.o(.text) for __use_two_region_memory
    startup_stm32f407xx.o(HEAP) refers (Special) to heapauxi.o(.text) for __use_two_region_memory
    startup_stm32f407xx.o(RESET) refers (Special) to heapauxi.o(.text) for __use_two_region_memory
    startup_stm32f407xx.o(RESET) refers to startup_stm32f407xx.o(STACK) for __initial_sp
    startup_stm32f407xx.o(RESET) refers to startup_stm32f407xx.o(.text) for Reset_Handler
    startup_stm32f407xx.o(RESET) refers to stm32f4xx_it.o(i.NMI_Handler) for NMI_Handler
    startup_stm32f407xx.o(RESET) refers to stm32f4xx_it.o(i.HardFault_Handler) for HardFault_Handler
    startup_stm32f407xx.o(RESET) refers to stm32f4xx_it.o(i.MemManage_Handler) for MemManage_Handler
    startup_stm32f407xx.o(RESET) refers to stm32f4xx_it.o(i.BusFault_Handler) for BusFault_Handler
    startup_stm32f407xx.o(RESET) refers to stm32f4xx_it.o(i.UsageFault_Handler) for UsageFault_Handler
    startup_stm32f407xx.o(RESET) refers to port.o(.emb_text) for SVC_Handler
    startup_stm32f407xx.o(RESET) refers to stm32f4xx_it.o(i.DebugMon_Handler) for DebugMon_Handler
    startup_stm32f407xx.o(RESET) refers to delay.o(i.SysTick_Handler) for SysTick_Handler
    startup_stm32f407xx.o(RESET) refers to timer.o(i.TIM3_IRQHandler) for TIM3_IRQHandler
    startup_stm32f407xx.o(RESET) refers to usart.o(i.USART1_IRQHandler) for USART1_IRQHandler
    startup_stm32f407xx.o(.text) refers (Special) to heapauxi.o(.text) for __use_two_region_memory
    startup_stm32f407xx.o(.text) refers to system_stm32f4xx.o(i.SystemInit) for SystemInit
    startup_stm32f407xx.o(.text) refers to __main.o(!!!main) for __main
    startup_stm32f407xx.o(.text) refers to startup_stm32f407xx.o(HEAP) for Heap_Mem
    startup_stm32f407xx.o(.text) refers to startup_stm32f407xx.o(STACK) for Stack_Mem
    stm32f4xx_hal.o(i.HAL_DeInit) refers to stm32f4xx_hal_msp.o(i.HAL_MspDeInit) for HAL_MspDeInit
    stm32f4xx_hal.o(i.HAL_Delay) refers to stm32f4xx_hal.o(i.HAL_GetTick) for HAL_GetTick
    stm32f4xx_hal.o(i.HAL_Delay) refers to stm32f4xx_hal.o(.data) for .data
    stm32f4xx_hal.o(i.HAL_GetTick) refers to stm32f4xx_hal.o(.data) for .data
    stm32f4xx_hal.o(i.HAL_GetTickFreq) refers to stm32f4xx_hal.o(.data) for .data
    stm32f4xx_hal.o(i.HAL_GetTickPrio) refers to stm32f4xx_hal.o(.data) for .data
    stm32f4xx_hal.o(i.HAL_IncTick) refers to stm32f4xx_hal.o(.data) for .data
    stm32f4xx_hal.o(i.HAL_Init) refers to stm32f4xx_hal_cortex.o(i.HAL_NVIC_SetPriorityGrouping) for HAL_NVIC_SetPriorityGrouping
    stm32f4xx_hal.o(i.HAL_Init) refers to stm32f4xx_hal.o(i.HAL_InitTick) for HAL_InitTick
    stm32f4xx_hal.o(i.HAL_Init) refers to stm32f4xx_hal_msp.o(i.HAL_MspInit) for HAL_MspInit
[...]
    CL$$btod_d2e                             0x08000d48   Section       62  btod.o(CL$$btod_d2e)
    CL$$btod_d2e_denorm_low                  0x08000d86   Section       70  btod.o(CL$$btod_d2e_denorm_low)
    CL$$btod_d2e_norm_op1                    0x08000dcc   Section       96  btod.o(CL$$btod_d2e_norm_op1)
    CL$$btod_div_common                      0x08000e2c   Section      824  btod.o(CL$$btod_div_common)
    CL$$btod_e2e                             0x08001164   Section      198  btod.o(CL$$btod_e2e)
    CL$$btod_ediv                            0x0800122a   Section       40  btod.o(CL$$btod_ediv)
    CL$$btod_emul                            0x08001252   Section       40  btod.o(CL$$btod_emul)
    CL$$btod_mult_common                     0x0800127a   Section      580  btod.o(CL$$btod_mult_common)
    i.BusFault_Handler                       0x080014be   Section        0  stm32f4xx_it.o(i.BusFault_Handler)
    i.DebugMon_Handler                       0x080014c0   Section        0  stm32f4xx_it.o(i.DebugMon_Handler)
    i.HAL_DMA_Abort_IT                       0x080014c2   Section        0  stm32f4xx_hal_dma.o(i.HAL_DMA_Abort_IT)
    i.HAL_GPIO_Init                          0x080014e8   Section        0  stm32f4xx_hal_gpio.o(i.HAL_GPIO_Init)
    i.HAL_GPIO_WritePin                      0x080016a8   Section        0  stm32f4xx_hal_gpio.o(i.HAL_GPIO_WritePin)
    i.HAL_IncTick                            0x080016b4   Section        0  stm32f4xx_hal.o(i.HAL_IncTick)
    i.HAL_NVIC_EnableIRQ                     0x080016c4   Section        0  stm32f4xx_hal_cortex.o(i.HAL_NVIC_EnableIRQ)
    i.HAL_NVIC_SetPriority                   0x080016e0   Section        0  stm32f4xx_hal_cortex.o(i.HAL_NVIC_SetPriority)
    i.HAL_RCC_GetPCLK1Freq                   0x08001720   Section        0  stm32f4xx_hal_rcc.o(i.HAL_RCC_GetPCLK1Freq)
    i.HAL_RCC_GetPCLK2Freq                   0x08001740   Section        0  stm32f4xx_hal_rcc.o(i.HAL_RCC_GetPCLK2Freq)
    i.HAL_SYSTICK_CLKSourceConfig            0x08001760   Section        0  stm32f4xx_hal_cortex.o(i.HAL_SYSTICK_CLKSourceConfig)
    i.HAL_TIMEx_BreakCallback                0x08001778   Section        0  stm32f4xx_hal_tim_ex.o(i.HAL_TIMEx_BreakCallback)
    i.HAL_TIMEx_CommutCallback               0x0800177a   Section        0  stm32f4xx_hal_tim_ex.o(i.HAL_TIMEx_CommutCallback)
    i.HAL_TIM_IC_CaptureCallback             0x0800177c   Section        0  stm32f4xx_hal_tim.o(i.HAL_TIM_IC_CaptureCallback)
    i.HAL_TIM_IRQHandler                     0x0800177e   Section        0  stm32f4xx_hal_tim.o(i.HAL_TIM_IRQHandler)
    i.HAL_TIM_OC_DelayElapsedCallback        0x080018e4   Section        0  stm32f4xx_hal_tim.o(i.HAL_TIM_OC_DelayElapsedCallback)
    i.HAL_TIM_PWM_PulseFinishedCallback      0x080018e6   Section        0  stm32f4xx_hal_tim.o(i.HAL_TIM_PWM_PulseFinishedCallback)
    i.HAL_TIM_PeriodElapsedCallback          0x080018e8   Section        0  timer.o(i.HAL_TIM_PeriodElapsedCallback)
    i.HAL_TIM_TriggerCallback                0x0800190c   Section        0  stm32f4xx_hal_tim.o(i.HAL_TIM_TriggerCallback)
    i.HAL_UART_ErrorCallback                 0x0800190e   Section        0  stm32f4xx_hal_uart.o(i.HAL_UART_ErrorCallback)
    i.HAL_UART_GetState                      0x08001910   Section        0  stm32f4xx_hal_uart.o(i.HAL_UART_GetState)
    i.HAL_UART_IRQHandler                    0x0800191c   Section        0  stm32f4xx_hal_uart.o(i.HAL_UART_IRQHandler)
    i.HAL_UART_Init                          0x08001a2c   Section        0  stm32f4xx_hal_uart.o(i.HAL_UART_Init)
    i.HAL_UART_MspInit                       0x08001a90   Section        0  usart.o(i.HAL_UART_MspInit)
    i.HAL_UART_Receive_IT                    0x08001b0c   Section        0  stm32f4xx_hal_uart.o(i.HAL_UART_Receive_IT)
    i.HAL_UART_RxCpltCallback                0x08001b60   Section        0  usart.o(i.HAL_UART_RxCpltCallback)
    i.HAL_UART_TxCpltCallback                0x08001bb8   Section        0  stm32f4xx_hal_uart.o(i.HAL_UART_TxCpltCallback)
    i.HardFault_Handler                      0x08001bba   Section        0  stm32f4xx_it.o(i.HardFault_Handler)
    i.LED_Init                               0x08001bbc   Section        0  led.o(i.LED_Init)
    i.MemManage_Handler                      0x08001c0c   Section        0  stm32f4xx_it.o(i.MemManage_Handler)
    i.NMI_Handler                            0x08001c0e   Section        0  stm32f4xx_it.o(i.NMI_Handler)
    i.SysTick_Handler                        0x08001c10   Section        0  delay.o(i.SysTick_Handler)
    i.SystemInit                             0x08001c28   Section        0  system_stm32f4xx.o(i.SystemInit)
    i.TIM3_IRQHandler                        0x08001c7c   Section        0  timer.o(i.TIM3_IRQHandler)
    i.UART_DMAAbortOnError                   0x08001c88   Section        0  stm32f4xx_hal_uart.o(i.UART_DMAAbortOnError)
    UART_DMAAbortOnError                     0x08001c89   Thumb Code    16  stm32f4xx_hal_uart.o(i.UART_DMAAbortOnError)
    i.UART_EndRxTransfer                     0x08001c98   Section        0  stm32f4xx_hal_uart.o(i.UART_EndRxTransfer)
    UART_EndRxTransfer                       0x08001c99   Thumb Code    28  stm32f4xx_hal_uart.o(i.UART_EndRxTransfer)
    i.UART_Receive_IT                        0x08001cb4   Section        0  stm32f4xx_hal_uart.o(i.UART_Receive_IT)
    UART_Receive_IT                          0x08001cb5   Thumb Code   150  stm32f4xx_hal_uart.o(i.UART_Receive_IT)
    i.UART_SetConfig                         0x08001d4c   Section        0  stm32f4xx_hal_uart.o(i.UART_SetConfig)
    UART_SetConfig                           0x08001d4d   Thumb Code   676  stm32f4xx_hal_uart.o(i.UART_SetConfig)
    i.UART_Transmit_IT                       0x08001ff8   Section        0  stm32f4xx_hal_uart.o(i.UART_Transmit_IT)
    UART_Transmit_IT                         0x08001ff9   Thumb Code    98  stm32f4xx_hal_uart.o(i.UART_Transmit_IT)
    i.USART1_IRQHandler                      0x0800205c   Section        0  usart.o(i.USART1_IRQHandler)
    i.UsageFault_Handler                     0x08002088   Section        0  stm32f4xx_it.o(i.UsageFault_Handler)
    i.__ARM_fpclassify                       0x0800208a   Section        0  fpclassify.o(i.__ARM_fpclassify)
    i.__NVIC_SetPriority                     0x080020ba   Section        0  stm32f4xx_hal_cortex.o(i.__NVIC_SetPriority)
    __NVIC_SetPriority                       0x080020bb   Thumb Code    32  stm32f4xx_hal_cortex.o(i.__NVIC_SetPriority)
    i._is_digit                              0x080020da   Section        0  __printf_wp.o(i._is_digit)
    i._sys_exit                              0x080020e8   Section        0  usart.o(i._sys_exit)
    i.delay_init                             0x080020ec   Section        0  delay.o(i.delay_init)
    i.float_task                             0x08002120   Section        0  main.o(i.float_task)
    i.fputc                                  0x0800217c   Section        0  usart.o(i.fputc)
    i.led0_task                              0x08002190   Section        0  main.o(i.led0_task)
    i.led1_task                              0x080021a8   Section        0  main.o(i.led1_task)
    i.main                                   0x080021cc   Section        0  main.o(i.main)
    i.prvAddCurrentTaskToDelayedList         0x08002210   Section        0  tasks.o(i.prvAddCurrentTaskToDelayedList)
    prvAddCurrentTaskToDelayedList           0x08002211   Thumb Code   128  tasks.o(i.prvAddCurrentTaskToDelayedList)
    i.prvAddNewTaskToReadyList               0x08002298   Section        0  tasks.o(i.prvAddNewTaskToReadyList)
    prvAddNewTaskToReadyList                 0x08002299   Thumb Code   228  tasks.o(i.prvAddNewTaskToReadyList)
    i.prvCheckForValidListAndQueue           0x08002388   Section        0  timers.o(i.prvCheckForValidListAndQueue)
    prvCheckForValidListAndQueue             0x08002389   Thumb Code    62  timers.o(i.prvCheckForValidListAndQueue)
    i.prvCopyDataFromQueue                   0x080023d8   Section        0  queue.o(i.prvCopyDataFromQueue)
    prvCopyDataFromQueue                     0x080023d9   Thumb Code    38  queue.o(i.prvCopyDataFromQueue)
    i.prvDeleteTCB                           0x080023fe   Section        0  tasks.o(i.prvDeleteTCB)
    prvDeleteTCB                             0x080023ff   Thumb Code    20  tasks.o(i.prvDeleteTCB)
    i.prvHeapInit                            0x08002414   Section        0  heap_4.o(i.prvHeapInit)
    prvHeapInit                              0x08002415   Thumb Code    60  heap_4.o(i.prvHeapInit)
    i.prvIdleTask                            0x08002458   Section        0  tasks.o(i.prvIdleTask)
    prvIdleTask                              0x08002459   Thumb Code    80  tasks.o(i.prvIdleTask)
    i.prvInitialiseNewTask                   0x080024b4   Section        0  tasks.o(i.prvInitialiseNewTask)
    prvInitialiseNewTask                     0x080024b5   Thumb Code   166  tasks.o(i.prvInitialiseNewTask)
    i.prvInsertBlockIntoFreeList             0x0800255c   Section        0  heap_4.o(i.prvInsertBlockIntoFreeList)
    prvInsertBlockIntoFreeList               0x0800255d   Thumb Code    72  heap_4.o(i.prvInsertBlockIntoFreeList)
    i.prvInsertTimerInActiveList             0x080025a8   Section        0  timers.o(i.prvInsertTimerInActiveList)
    prvInsertTimerInActiveList               0x080025a9   Thumb Code    52  timers.o(i.prvInsertTimerInActiveList)
    i.prvIsQueueEmpty                        0x080025e0   Section        0  queue.o(i.prvIsQueueEmpty)
    prvIsQueueEmpty                          0x080025e1   Thumb Code    26  queue.o(i.prvIsQueueEmpty)
    i.prvProcessExpiredTimer                 0x080025fc   Section        0  timers.o(i.prvProcessExpiredTimer)
    prvProcessExpiredTimer                   0x080025fd   Thumb Code    58  timers.o(i.prvProcessExpiredTimer)
    i.prvProcessReceivedCommands             0x0800263c   Section        0  timers.o(i.prvProcessReceivedCommands)
    prvProcessReceivedCommands               0x0800263d   Thumb Code   222  timers.o(i.prvProcessReceivedCommands)
    i.prvProcessTimerOrBlockTask             0x08002720   Section        0  timers.o(i.prvProcessTimerOrBlockTask)
    prvProcessTimerOrBlockTask               0x08002721   Thumb Code    98  timers.o(i.prvProcessTimerOrBlockTask)
    i.prvReloadTimer                         0x0800278c   Section        0  timers.o(i.prvReloadTimer)
    prvReloadTimer                           0x0800278d   Thumb Code    40  timers.o(i.prvReloadTimer)
    i.prvResetNextTaskUnblockTime            0x080027b4   Section        0  tasks.o(i.prvResetNextTaskUnblockTime)
    prvResetNextTaskUnblockTime              0x080027b5   Thumb Code    24  tasks.o(i.prvResetNextTaskUnblockTime)
    i.prvSampleTimeNow                       0x080027d0   Section        0  timers.o(i.prvSampleTimeNow)
    prvSampleTimeNow                         0x080027d1   Thumb Code    66  timers.o(i.prvSampleTimeNow)
    i.prvTaskExitError                       0x08002818   Section        0  port.o(i.prvTaskExitError)
    prvTaskExitError                         0x08002819   Thumb Code    36  port.o(i.prvTaskExitError)
    i.prvTimerTask                           0x08002840   Section        0  timers.o(i.prvTimerTask)
    prvTimerTask                             0x08002841   Thumb Code    34  timers.o(i.prvTimerTask)
    i.prvUnlockQueue                         0x08002868   Section        0  queue.o(i.prvUnlockQueue)
    prvUnlockQueue                           0x08002869   Thumb Code   106  queue.o(i.prvUnlockQueue)
    i.pvPortMalloc                           0x080028d4   Section        0  heap_4.o(i.pvPortMalloc)
    i.pxPortInitialiseStack                  0x08002994   Section        0  port.o(i.pxPortInitialiseStack)
    i.start_task                             0x080029c0   Section        0  main.o(i.start_task)
    i.uart_init                              0x08002a4c   Section        0  usart.o(i.uart_init)
    i.uxListRemove                           0x08002a84   Section        0  list.o(i.uxListRemove)
    i.vListInitialise                        0x08002aaa   Section        0  list.o(i.vListInitialise)
    i.vListInitialiseItem                    0x08002ac0   Section        0  list.o(i.vListInitialiseItem)
    i.vListInsert                            0x08002ac6   Section        0  list.o(i.vListInsert)
    i.vListInsertEnd                         0x08002af6   Section        0  list.o(i.vListInsertEnd)
    i.vPortEnterCritical                     0x08002b10   Section        0  port.o(i.vPortEnterCritical)
    i.vPortExitCritical                      0x08002b50   Section        0  port.o(i.vPortExitCritical)
    i.vPortFree                              0x08002b78   Section        0  heap_4.o(i.vPortFree)
    i.vPortSetupTimerInterrupt               0x08002bdc   Section        0  port.o(i.vPortSetupTimerInterrupt)
    i.vQueueAddToRegistry                    0x08002c00   Section        0  queue.o(i.vQueueAddToRegistry)
    i.vQueueWaitForMessageRestricted         0x08002c4c   Section        0  queue.o(i.vQueueWaitForMessageRestricted)
    i.vTaskDelay                             0x08002c90   Section        0  tasks.o(i.vTaskDelay)
    i.vTaskDelete                            0x08002cdc   Section        0  tasks.o(i.vTaskDelete)
    i.vTaskInternalSetTimeOutState           0x08002d8c   Section        0  tasks.o(i.vTaskInternalSetTimeOutState)
    i.vTaskMissedYield                       0x08002d9c   Section        0  tasks.o(i.vTaskMissedYield)
    i.vTaskPlaceOnEventList                  0x08002da8   Section        0  tasks.o(i.vTaskPlaceOnEventList)
    i.vTaskPlaceOnEventListRestricted        0x08002dd8   Section        0  tasks.o(i.vTaskPlaceOnEventListRestricted)
    i.vTaskStartScheduler                    0x08002e28   Section        0  tasks.o(i.vTaskStartScheduler)
    i.vTaskSuspendAll                        0x08002e98   Section        0  tasks.o(i.vTaskSuspendAll)
    i.vTaskSwitchContext                     0x08002ea8   Section        0  tasks.o(i.vTaskSwitchContext)
    i.xPortStartScheduler                    0x08002f04   Section        0  port.o(i.xPortStartScheduler)
    i.xPortSysTickHandler                    0x08002ff8   Section        0  port.o(i.xPortSysTickHandler)
    i.xQueueGenericCreate                    0x08003024   Section        0  queue.o(i.xQueueGenericCreate)
    i.xQueueGenericReset                     0x08003084   Section        0  queue.o(i.xQueueGenericReset)
    i.xQueueReceive                          0x08003134   Section        0  queue.o(i.xQueueReceive)
    i.xTaskCheckForTimeOut                   0x0800326c   Section        0  tasks.o(i.xTaskCheckForTimeOut)
    i.xTaskCreate                            0x080032e8   Section        0  tasks.o(i.xTaskCreate)
    i.xTaskGetSchedulerState                 0x08003344   Section        0  tasks.o(i.xTaskGetSchedulerState)
    i.xTaskGetTickCount                      0x08003360   Section        0  tasks.o(i.xTaskGetTickCount)
    i.xTaskIncrementTick                     0x0800336c   Section        0  tasks.o(i.xTaskIncrementTick)
    i.xTaskRemoveFromEventList               0x08003494   Section        0  tasks.o(i.xTaskRemoveFromEventList)
    i.xTaskResumeAll                         0x08003570   Section        0  tasks.o(i.xTaskResumeAll)
    i.xTimerCreateTimerTask                  0x08003698   Section        0  timers.o(i.xTimerCreateTimerTask)
    locale$$code                             0x080036e4   Section       44  lc_numeric_c.o(locale$$code)
    x$fpl$dretinf                            0x08003710   Section       12  dretinf.o(x$fpl$dretinf)
    $v0                                      0x08003710   Number         0  dretinf.o(x$fpl$dretinf)
    x$fpl$f2d                                0x0800371c   Section       86  f2d.o(x$fpl$f2d)
    $v0                                      0x0800371c   Number         0  f2d.o(x$fpl$f2d)
    x$fpl$fnaninf                            0x08003772   Section      140  fnaninf.o(x$fpl$fnaninf)
    $v0                                      0x08003772   Number         0  fnaninf.o(x$fpl$fnaninf)
    x$fpl$fpinit                             0x080037fe   Section       10  fpinit.o(x$fpl$fpinit)
    $v0                                      0x080037fe   Number         0  fpinit.o(x$fpl$fpinit)
    x$fpl$printf1                            0x08003808   Section        4  printf1.o(x$fpl$printf1)
    $v0                                      0x08003808   Number         0  printf1.o(x$fpl$printf1)
    .constdata                               0x0800380c   Section        8  system_stm32f4xx.o(.constdata)
    x$fpl$usenofp                            0x0800380c   Section        0  usenofp.o(x$fpl$usenofp)
    .constdata                               0x08003814   Section      148  bigflt0.o(.constdata)
    tenpwrs_x                                0x08003814   Data          60  bigflt0.o(.constdata)
    tenpwrs_i                                0x08003850   Data          64  bigflt0.o(.constdata)
    locale$$data                             0x080038c8   Section       28  lc_numeric_c.o(locale$$data)
    __lcnum_c_name                           0x080038cc   Data           2  lc_numeric_c.o(locale$$data)
    __lcnum_c_start                          0x080038d4   Data           0  lc_numeric_c.o(locale$$data)
    __lcnum_c_point                          0x080038e0   Data           0  lc_numeric_c.o(locale$$data)
    __lcnum_c_thousands                      0x080038e2   Data           0  lc_numeric_c.o(locale$$data)
    __lcnum_c_grouping                       0x080038e3   Data           0  lc_numeric_c.o(locale$$data)
    __lcnum_c_end                            0x080038e4   Data           0  lc_numeric_c.o(locale$$data)
    .ARM.__AT_0x10000000                     0x10000000   Section    61440  malloc.o(.ARM.__AT_0x10000000)
    .ARM.__AT_0x1000F000                     0x1000f000   Section     3840  malloc.o(.ARM.__AT_0x1000F000)
    .data                                    0x20000000   Section       20  main.o(.data)
    float_num                                0x20000000   Data           4  main.o(.data)
    .data                                    0x20000014   Section        4  system_stm32f4xx.o(.data)
    .data                                    0x20000018   Section       12  stm32f4xx_hal.o(.data)
    .data                                    0x20000024   Section        4  delay.o(.data)
    fac_us                                   0x20000024   Data           4  delay.o(.data)
    .data                                    0x20000028   Section        4  usart.o(.data)
    .data                                    0x2000002c   Section        4  usart.o(.data)
    .data                                    0x20000030   Section       64  tasks.o(.data)
    uxDeletedTasksWaitingCleanUp             0x20000034   Data           4  tasks.o(.data)
    uxCurrentNumberOfTasks                   0x20000038   Data           4  tasks.o(.data)
    xTickCount                               0x2000003c   Data           4  tasks.o(.data)
    uxTopReadyPriority                       0x20000040   Data           4  tasks.o(.data)
    xSchedulerRunning                        0x20000044   Data           4  tasks.o(.data)
    xPendedTicks                             0x20000048   Data           4  tasks.o(.data)
    xYieldPending                            0x2000004c   Data           4  tasks.o(.data)
    xNumOfOverflows                          0x20000050   Data           4  tasks.o(.data)
    uxTaskNumber                             0x20000054   Data           4  tasks.o(.data)
    xNextTaskUnblockTime                     0x20000058   Data           4  tasks.o(.data)
    xIdleTaskHandle                          0x2000005c   Data           4  tasks.o(.data)
    uxSchedulerSuspended                     0x20000064   Data           4  tasks.o(.data)
    pxDelayedTaskList                        0x20000068   Data           4  tasks.o(.data)
    pxOverflowDelayedTaskList                0x2000006c   Data           4  tasks.o(.data)
    .data                                    0x20000070   Section       20  timers.o(.data)
    xTimerQueue                              0x20000070   Data           4  timers.o(.data)
    xTimerTaskHandle                         0x20000074   Data           4  timers.o(.data)
    xLastTime                                0x20000078   Data           4  timers.o(.data)
    pxCurrentTimerList                       0x2000007c   Data           4  timers.o(.data)
    pxOverflowTimerList                      0x20000080   Data           4  timers.o(.data)
    .data                                    0x20000084   Section       28  heap_4.o(.data)
    pxEnd                                    0x20000084   Data           4  heap_4.o(.data)
    xFreeBytesRemaining                      0x20000088   Data           4  heap_4.o(.data)
    xMinimumEverFreeBytesRemaining           0x2000008c   Data           4  heap_4.o(.data)
    xNumberOfSuccessfulAllocations           0x20000090   Data           4  heap_4.o(.data)
    xNumberOfSuccessfulFrees                 0x20000094   Data           4  heap_4.o(.data)
    xStart                                   0x20000098   Data           8  heap_4.o(.data)
    .data                                    0x200000a0   Section       12  port.o(.data)
    ucMaxSysCallPriority                     0x200000a0   Data           1  port.o(.data)
    uxCriticalNesting                        0x200000a4   Data           4  port.o(.data)
    ulMaxPRIGROUPValue                       0x200000a8   Data           4  port.o(.data)
    .bss                                     0x200000ac   Section      264  usart.o(.bss)
    .bss                                     0x200001b4   Section       64  timer.o(.bss)
    .bss                                     0x200001f4   Section       64  queue.o(.bss)
    .bss                                     0x20000234   Section      200  tasks.o(.bss)
    pxReadyTasksLists                        0x20000234   Data         100  tasks.o(.bss)
    xDelayedTaskList1                        0x20000298   Data          20  tasks.o(.bss)
    xDelayedTaskList2                        0x200002ac   Data          20  tasks.o(.bss)
    xPendingReadyList                        0x200002c0   Data          20  tasks.o(.bss)
    xTasksWaitingTermination                 0x200002d4   Data          20  tasks.o(.bss)
    xSuspendedTaskList                       0x200002e8   Data          20  tasks.o(.bss)
    .bss                                     0x200002fc   Section       40  timers.o(.bss)
    xActiveTimerList1                        0x200002fc   Data          20  timers.o(.bss)
    xActiveTimerList2                        0x20000310   Data          20  timers.o(.bss)
    .bss                                     0x20000324   Section    76800  heap_4.o(.bss)
    ucHeap                                   0x20000324   Data       76800  heap_4.o(.bss)
    .bss                                     0x20012f24   Section       96  libspace.o(.bss)
    HEAP                                     0x20012f88   Section      512  startup_stm32f407xx.o(HEAP)
    Heap_Mem                                 0x20012f88   Data         512  startup_stm32f407xx.o(HEAP)
    STACK                                    0x20013188   Section     1024  startup_stm32f407xx.o(STACK)
    Stack_Mem                                0x20013188   Data        1024  startup_stm32f407xx.o(STACK)
    __initial_sp                             0x20013588   Data           0  startup_stm32f407xx.o(STACK)
    .ARM.__AT_0x68000000                     0x68000000   Section    983040  malloc.o(.ARM.__AT_0x68000000)
    .ARM.__AT_0x680F0000                     0x680f0000   Section    61440  malloc.o(.ARM.__AT_0x680F0000)

    Global Symbols

    Symbol Name                              Value     Ov Type        Size  Object(Section)

    BuildAttributes$$THM_ISAv4$E$P$D$K$B$S$7EM$VFPi3$EXTD16$VFPS$VFMA$PE$A:L22UL41UL21$X:L11$S22US41US21$IEEE1$IW$USESV6$~STKCKD$USESV7$~SHL$OTIME$ROPI$IEEEJ$EBA8$UX$STANDARDLIB$REQ8$PRES8$EABIv2 0x00000000   Number         0  anon$$obj.o ABSOLUTE
    __ARM_use_no_argv                        0x00000000   Number         0  main.o ABSOLUTE
    _printf_flags                            0x00000000   Number         0  printf_stubs.o ABSOLUTE
    _printf_return_value                     0x00000000   Number         0  printf_stubs.o ABSOLUTE
    _printf_sizespec                         0x00000000   Number         0  printf_stubs.o ABSOLUTE
    _printf_widthprec                        0x00000000   Number         0  printf_stubs.o ABSOLUTE
    __ARM_exceptions_init                     - Undefined Weak Reference
    __alloca_initialize                       - Undefined Weak Reference
    __arm_preinit_                            - Undefined Weak Reference
    __cpp_initialize__aeabi_                  - Undefined Weak Reference
    __cxa_finalize                            - Undefined Weak Reference
    __sigvec_lookup                           - Undefined Weak Reference
    _atexit_init                              - Undefined Weak Reference
    _call_atexit_fns                          - Undefined Weak Reference
    _clock_init                               - Undefined Weak Reference
    _fp_trap_init                             - Undefined Weak Reference
    _fp_trap_shutdown                         - Undefined Weak Reference
    _get_lc_collate                           - Undefined Weak Reference
    _get_lc_ctype                             - Undefined Weak Reference
    _get_lc_monetary                          - Undefined Weak Reference
    _get_lc_time                              - Undefined Weak Reference
    _getenv_init                              - Undefined Weak Reference
    _handle_redirection                       - Undefined Weak Reference
    _init_alloc                               - Undefined Weak Reference
    _init_user_alloc                          - Undefined Weak Reference
    _initio                                   - Undefined Weak Reference
    _mutex_acquire                            - Undefined Weak Reference
    _mutex_release                            - Undefined Weak Reference
    _printf_post_padding                      - Undefined Weak Reference
    _printf_pre_padding                       - Undefined Weak Reference
    _printf_truncate_unsigned                 - Undefined Weak Reference
    _rand_init                                - Undefined Weak Reference
    _signal_finish                            - Undefined Weak Reference
    _signal_init                              - Undefined Weak Reference
    _terminate_alloc                          - Undefined Weak Reference
    _terminate_user_alloc                     - Undefined Weak Reference
    _terminateio                              - Undefined Weak Reference
    __Vectors_Size                           0x00000188   Number         0  startup_stm32f407xx.o ABSOLUTE
    __Vectors                                0x08000000   Data           4  startup_stm32f407xx.o(RESET)
    __Vectors_End                            0x08000188   Data           0  startup_stm32f407xx.o(RESET)
    __main                                   0x08000189   Thumb Code     8  __main.o(!!!main)
    __scatterload                            0x08000191   Thumb Code     0  __scatter.o(!!!scatter)
    __scatterload_rt2                        0x08000191   Thumb Code    44  __scatter.o(!!!scatter)
    __scatterload_rt2_thumb_only             0x08000191   Thumb Code     0  __scatter.o(!!!scatter)
    __scatterload_null                       0x0800019f   Thumb Code     0  __scatter.o(!!!scatter)
    __scatterload_copy                       0x080001c5   Thumb Code    26  __scatter_copy.o(!!handler_copy)
    __scatterload_zeroinit                   0x080001e1   Thumb Code    28  __scatter_zi.o(!!handler_zi)
    _printf_f                                0x080001fd   Thumb Code     0  _printf_f.o(.ARM.Collect$$_printf_percent$$00000003)
    _printf_percent                          0x080001fd   Thumb Code     0  _printf_percent.o(.ARM.Collect$$_printf_percent$$00000000)
    _printf_percent_end                      0x08000203   Thumb Code     0  _printf_percent_end.o(.ARM.Collect$$_printf_percent$$00000017)
    __rt_lib_init                            0x08000207   Thumb Code     0  libinit.o(.ARM.Collect$$libinit$$00000000)
    __rt_lib_init_fp_1                       0x08000209   Thumb Code     0  libinit2.o(.ARM.Collect$$libinit$$00000001)
    __rt_lib_init_heap_1                     0x0800020d   Thumb Code     0  libinit2.o(.ARM.Collect$$libinit$$0000000A)
    __rt_lib_init_lc_common                  0x0800020d   Thumb Code     0  libinit2.o(.ARM.Collect$$libinit$$0000000F)
    __rt_lib_init_preinit_1                  0x0800020d   Thumb Code     0  libinit2.o(.ARM.Collect$$libinit$$00000004)
    __rt_lib_init_rand_1                     0x0800020d   Thumb Code     0  libinit2.o(.ARM.Collect$$libinit$$0000000E)
    __rt_lib_init_user_alloc_1               0x0800020d   Thumb Code     0  libinit2.o(.ARM.Collect$$libinit$$0000000C)
    __rt_lib_init_lc_collate_1               0x08000213   Thumb Code     0  libinit2.o(.ARM.Collect$$libinit$$00000011)
    __rt_lib_init_lc_ctype_1                 0x08000213   Thumb Code     0  libinit2.o(.ARM.Collect$$libinit$$00000013)
    __rt_lib_init_lc_monetary_1              0x08000213   Thumb Code     0  libinit2.o(.ARM.Collect$$libinit$$00000015)
    __rt_lib_init_lc_numeric_2               0x08000213   Thumb Code     0  libinit2.o(.ARM.Collect$$libinit$$00000016)
    __rt_lib_init_alloca_1                   0x0800021d   Thumb Code     0  libinit2.o(.ARM.Collect$$libinit$$0000002E)
    __rt_lib_init_argv_1                     0x0800021d   Thumb Code     0  libinit2.o(.ARM.Collect$$libinit$$0000002C)
    __rt_lib_init_atexit_1                   0x0800021d   Thumb Code     0  libinit2.o(.ARM.Collect$$libinit$$0000001B)
    __rt_lib_init_clock_1                    0x0800021d   Thumb Code     0  libinit2.o(.ARM.Collect$$libinit$$00000021)
    __rt_lib_init_cpp_1                      0x0800021d   Thumb Code     0  libinit2.o(.ARM.Collect$$libinit$$00000032)
    __rt_lib_init_exceptions_1               0x0800021d   Thumb Code     0  libinit2.o(.ARM.Collect$$libinit$$00000030)
    __rt_lib_init_fp_trap_1                  0x0800021d   Thumb Code     0  libinit2.o(.ARM.Collect$$libinit$$0000001F)
    __rt_lib_init_getenv_1                   0x0800021d   Thumb Code     0  libinit2.o(.ARM.Collect$$libinit$$00000023)
    __rt_lib_init_lc_numeric_1               0x0800021d   Thumb Code     0  libinit2.o(.ARM.Collect$$libinit$$00000017)
    __rt_lib_init_lc_time_1                  0x0800021d   Thumb Code     0  libinit2.o(.ARM.Collect$$libinit$$00000019)
    __rt_lib_init_return                     0x0800021d   Thumb Code     0  libinit2.o(.ARM.Collect$$libinit$$00000033)
    __rt_lib_init_signal_1                   0x0800021d   Thumb Code     0  libinit2.o(.ARM.Collect$$libinit$$0000001D)
    __rt_lib_init_stdio_1                    0x0800021d   Thumb Code     0  libinit2.o(.ARM.Collect$$libinit$$00000025)
    __rt_lib_shutdown                        0x0800021f   Thumb Code     0  libshutdown.o(.ARM.Collect$$libshutdown$$00000000)
    __rt_lib_shutdown_fp_trap_1              0x08000221   Thumb Code     0  libshutdown2.o(.ARM.Collect$$libshutdown$$00000006)
    __rt_lib_shutdown_heap_1                 0x08000221   Thumb Code     0  libshutdown2.o(.ARM.Collect$$libshutdown$$0000000E)
    __rt_lib_shutdown_return                 0x08000221   Thumb Code     0  libshutdown2.o(.ARM.Collect$$libshutdown$$0000000F)
    __rt_lib_shutdown_signal_1               0x08000221   Thumb Code     0  libshutdown2.o(.ARM.Collect$$libshutdown$$00000009)
    __rt_lib_shutdown_stdio_1                0x08000221   Thumb Code     0  libshutdown2.o(.ARM.Collect$$libshutdown$$00000003)
    __rt_lib_shutdown_user_alloc_1           0x08000221   Thumb Code     0  libshutdown2.o(.ARM.Collect$$libshutdown$$0000000B)
    __rt_entry                               0x08000223   Thumb Code     0  __rtentry.o(.ARM.Collect$$rtentry$$00000000)
    __rt_entry_presh_1                       0x08000223   Thumb Code     0  __rtentry2.o(.ARM.Collect$$rtentry$$00000002)
    __rt_entry_sh                            0x08000223   Thumb Code     0  __rtentry4.o(.ARM.Collect$$rtentry$$00000004)
    __rt_entry_li                            0x08000229   Thumb Code     0  __rtentry2.o(.ARM.Collect$$rtentry$$0000000A)
    __rt_entry_postsh_1                      0x08000229   Thumb Code     0  __rtentry2.o(.ARM.Collect$$rtentry$$00000009)
    __rt_entry_main                          0x0800022d   Thumb Code     0  __rtentry2.o(.ARM.Collect$$rtentry$$0000000D)
    __rt_entry_postli_1                      0x0800022d   Thumb Code     0  __rtentry2.o(.ARM.Collect$$rtentry$$0000000C)
    __rt_exit                                0x08000235   Thumb Code     0  rtexit.o(.ARM.Collect$$rtexit$$00000000)
    __rt_exit_ls                             0x08000237   Thumb Code     0  rtexit2.o(.ARM.Collect$$rtexit$$00000003)
    __rt_exit_prels_1                        0x08000237   Thumb Code     0  rtexit2.o(.ARM.Collect$$rtexit$$00000002)
    __rt_exit_exit                           0x0800023b   Thumb Code     0  rtexit2.o(.ARM.Collect$$rtexit$$00000004)
    SVC_Handler                              0x08000241   Thumb Code    28  port.o(.emb_text)
    __asm___6_port_c_39a90d8d__prvStartFirstTask 0x08000261   Thumb Code    36  port.o(.emb_text)
    __asm___6_port_c_39a90d8d__prvEnableVFP  0x08000289   Thumb Code    16  port.o(.emb_text)
    PendSV_Handler                           0x0800029d   Thumb Code    88  port.o(.emb_text)
    vPortGetIPSR                             0x080002f9   Thumb Code     6  port.o(.emb_text)
    Reset_Handler                            0x08000301   Thumb Code     8  startup_stm32f407xx.o(.text)
    ADC_IRQHandler                           0x0800031b   Thumb Code     0  startup_stm32f407xx.o(.text)
    CAN1_RX0_IRQHandler                      0x0800031b   Thumb Code     0  startup_stm32f407xx.o(.text)
    CAN1_RX1_IRQHandler                      0x0800031b   Thumb Code     0  startup_stm32f407xx.o(.text)
    CAN1_SCE_IRQHandler                      0x0800031b   Thumb Code     0  startup_stm32f407xx.o(.text)
    CAN1_TX_IRQHandler                       0x0800031b   Thumb Code     0  startup_stm32f407xx.o(.text)
    CAN2_RX0_IRQHandler                      0x0800031b   Thumb Code     0  startup_stm32f407xx.o(.text)
    CAN2_RX1_IRQHandler                      0x0800031b   Thumb Code     0  startup_stm32f407xx.o(.text)
    CAN2_SCE_IRQHandler                      0x0800031b   Thumb Code     0  startup_stm32f407xx.o(.text)
    CAN2_TX_IRQHandler                       0x0800031b   Thumb Code     0  startup_stm32f407xx.o(.text)
    DCMI_IRQHandler                          0x0800031b   Thumb Code     0  startup_stm32f407xx.o(.text)
    DMA1_Stream0_IRQHandler                  0x0800031b   Thumb Code     0  startup_stm32f407xx.o(.text)
    DMA1_Stream1_IRQHandler                  0x0800031b   Thumb Code     0  startup_stm32f407xx.o(.text)
    DMA1_Stream2_IRQHandler                  0x0800031b   Thumb Code     0  startup_stm32f407xx.o(.text)
    DMA1_Stream3_IRQHandler                  0x0800031b   Thumb Code     0  startup_stm32f407xx.o(.text)
    DMA1_Stream4_IRQHandler                  0x0800031b   Thumb Code     0  startup_stm32f407xx.o(.text)
    DMA1_Stream5_IRQHandler                  0x0800031b   Thumb Code     0  startup_stm32f407xx.o(.text)
    DMA1_Stream6_IRQHandler                  0x0800031b   Thumb Code     0  startup_stm32f407xx.o(.text)
    DMA1_Stream7_IRQHandler                  0x0800031b   Thumb Code     0  startup_stm32f407xx.o(.text)
    DMA2_Stream0_IRQHandler                  0x0800031b   Thumb Code     0  startup_stm32f407xx.o(.text)
    DMA2_Stream1_IRQHandler                  0x0800031b   Thumb Code     0  startup_stm32f407xx.o(.text)
    DMA2_Stream2_IRQHandler                  0x0800031b   Thumb Code     0  startup_stm32f407xx.o(.text)
    DMA2_Stream3_IRQHandler                  0x0800031b   Thumb Code     0  startup_stm32f407xx.o(.text)
    DMA2_Stream4_IRQHandler                  0x0800031b   Thumb Code     0  startup_stm32f407xx.o(.text)
    DMA2_Stream5_IRQHandler                  0x0800031b   Thumb Code     0  startup_stm32f407xx.o(.text)
    DMA2_Stream6_IRQHandler                  0x0800031b   Thumb Code     0  startup_stm32f407xx.o(.text)
    DMA2_Stream7_IRQHandler                  0x0800031b   Thumb Code     0  startup_stm32f407xx.o(.text)
    ETH_IRQHandler                           0x0800031b   Thumb Code     0  startup_stm32f407xx.o(.text)
    ETH_WKUP_IRQHandler                      0x0800031b   Thumb Code     0  startup_stm32f407xx.o(.text)
    EXTI0_IRQHandler                         0x0800031b   Thumb Code     0  startup_stm32f407xx.o(.text)
    EXTI15_10_IRQHandler                     0x0800031b   Thumb Code     0  startup_stm32f407xx.o(.text)
    EXTI1_IRQHandler                         0x0800031b   Thumb Code     0  startup_stm32f407xx.o(.text)
    EXTI2_IRQHandler                         0x0800031b   Thumb Code     0  startup_stm32f407xx.o(.text)
    EXTI3_IRQHandler                         0x0800031b   Thumb Code     0  startup_stm32f407xx.o(.text)
    EXTI4_IRQHandler                         0x0800031b   Thumb Code     0  startup_stm32f407xx.o(.text)
    EXTI9_5_IRQHandler                       0x0800031b   Thumb Code     0  startup_stm32f407xx.o(.text)
    FLASH_IRQHandler                         0x0800031b   Thumb Code     0  startup_stm32f407xx.o(.text)
    FMC_IRQHandler                           0x0800031b   Thumb Code     0  startup_stm32f407xx.o(.text)
    FPU_IRQHandler                           0x0800031b   Thumb Code     0  startup_stm32f407xx.o(.text)
    HASH_RNG_IRQHandler                      0x0800031b   Thumb Code     0  startup_stm32f407xx.o(.text)
    I2C1_ER_IRQHandler                       0x0800031b   Thumb Code     0  startup_stm32f407xx.o(.text)
    I2C1_EV_IRQHandler                       0x0800031b   Thumb Code     0  startup_stm32f407xx.o(.text)
    I2C2_ER_IRQHandler                       0x0800031b   Thumb Code     0  startup_stm32f407xx.o(.text)
    I2C2_EV_IRQHandler                       0x0800031b   Thumb Code     0  startup_stm32f407xx.o(.text)
    I2C3_ER_IRQHandler                       0x0800031b   Thumb Code     0  startup_stm32f407xx.o(.text)
    I2C3_EV_IRQHandler                       0x0800031b   Thumb Code     0  startup_stm32f407xx.o(.text)
    OTG_FS_IRQHandler                        0x0800031b   Thumb Code     0  startup_stm32f407xx.o(.text)
    OTG_FS_WKUP_IRQHandler                   0x0800031b   Thumb Code     0  startup_stm32f407xx.o(.text)
    OTG_HS_EP1_IN_IRQHandler                 0x0800031b   Thumb Code     0  startup_stm32f407xx.o(.text)
    OTG_HS_EP1_OUT_IRQHandler                0x0800031b   Thumb Code     0  startup_stm32f407xx.o(.text)
    OTG_HS_IRQHandler                        0x0800031b   Thumb Code     0  startup_stm32f407xx.o(.text)
    OTG_HS_WKUP_IRQHandler                   0x0800031b   Thumb Code     0  startup_stm32f407xx.o(.text)
    PVD_IRQHandler                           0x0800031b   Thumb Code     0  startup_stm32f407xx.o(.text)
    RCC_IRQHandler                           0x0800031b   Thumb Code     0  startup_stm32f407xx.o(.text)
    RTC_Alarm_IRQHandler                     0x0800031b   Thumb Code     0  startup_stm32f407xx.o(.text)
    RTC_WKUP_IRQHandler                      0x0800031b   Thumb Code     0  startup_stm32f407xx.o(.text)
    SDIO_IRQHandler                          0x0800031b   Thumb Code     0  startup_stm32f407xx.o(.text)
    SPI1_IRQHandler                          0x0800031b   Thumb Code     0  startup_stm32f407xx.o(.text)
    SPI2_IRQHandler                          0x0800031b   Thumb Code     0  startup_stm32f407xx.o(.text)
    SPI3_IRQHandler                          0x0800031b   Thumb Code     0  startup_stm32f407xx.o(.text)
    TAMP_STAMP_IRQHandler                    0x0800031b   Thumb Code     0  startup_stm32f407xx.o(.text)
    TIM1_BRK_TIM9_IRQHandler                 0x0800031b   Thumb Code     0  startup_stm32f407xx.o(.text)
    TIM1_CC_IRQHandler                       0x0800031b   Thumb Code     0  startup_stm32f407xx.o(.text)
    TIM1_TRG_COM_TIM11_IRQHandler            0x0800031b   Thumb Code     0  startup_stm32f407xx.o(.text)
    TIM1_UP_TIM10_IRQHandler                 0x0800031b   Thumb Code     0  startup_stm32f407xx.o(.text)
    TIM2_IRQHandler                          0x0800031b   Thumb Code     0  startup_stm32f407xx.o(.text)
    TIM4_IRQHandler                          0x0800031b   Thumb Code     0  startup_stm32f407xx.o(.text)
    TIM5_IRQHandler                          0x0800031b   Thumb Code     0  startup_stm32f407xx.o(.text)
    TIM6_DAC_IRQHandler                      0x0800031b   Thumb Code     0  startup_stm32f407xx.o(.text)
    TIM7_IRQHandler                          0x0800031b   Thumb Code     0  startup_stm32f407xx.o(.text)
    TIM8_BRK_TIM12_IRQHandler                0x0800031b   Thumb Code     0  startup_stm32f407xx.o(.text)
    TIM8_CC_IRQHandler                       0x0800031b   Thumb Code     0  startup_stm32f407xx.o(.text)
    TIM8_TRG_COM_TIM14_IRQHandler            0x0800031b   Thumb Code     0  startup_stm32f407xx.o(.text)
    TIM8_UP_TIM13_IRQHandler                 0x0800031b   Thumb Code     0  startup_stm32f407xx.o(.text)
    UART4_IRQHandler                         0x0800031b   Thumb Code     0  startup_stm32f407xx.o(.text)
    UART5_IRQHandler                         0x0800031b   Thumb Code     0  startup_stm32f407xx.o(.text)
    USART2_IRQHandler                        0x0800031b   Thumb Code     0  startup_stm32f407xx.o(.text)
    USART3_IRQHandler                        0x0800031b   Thumb Code     0  startup_stm32f407xx.o(.text)
    USART6_IRQHandler                        0x0800031b   Thumb Code     0  startup_stm32f407xx.o(.text)
    WWDG_IRQHandler                          0x0800031b   Thumb Code     0  startup_stm32f407xx.o(.text)
    __user_initial_stackheap                 0x0800031d   Thumb Code     0  startup_stm32f407xx.o(.text)
    __use_no_semihosting                     0x08000341   Thumb Code     2  use_no_semi_2.o(.text)
    __2printf                                0x08000345   Thumb Code    20  noretval__2printf.o(.text)
    __printf                                 0x0800035d   Thumb Code   270  __printf_wp.o(.text)
    __aeabi_memcpy                           0x0800046b   Thumb Code     0  rt_memcpy_v6.o(.text)
    __rt_memcpy                              0x0800046b   Thumb Code   138  rt_memcpy_v6.o(.text)
    _memcpy_lastbytes                        0x080004d1   Thumb Code     0  rt_memcpy_v6.o(.text)
    __aeabi_memset                           0x080004f5   Thumb Code    16  aeabi_memset.o(.text)
    __aeabi_memclr                           0x08000505   Thumb Code     0  rt_memclr.o(.text)
    __rt_memclr                              0x08000505   Thumb Code    68  rt_memclr.o(.text)
    _memset                                  0x08000509   Thumb Code     0  rt_memclr.o(.text)
    __aeabi_memclr4                          0x08000549   Thumb Code     0  rt_memclr_w.o(.text)
    __aeabi_memclr8                          0x08000549   Thumb Code     0  rt_memclr_w.o(.text)
    __rt_memclr_w                            0x08000549   Thumb Code    78  rt_memclr_w.o(.text)
    _memset_w                                0x0800054d   Thumb Code     0  rt_memclr_w.o(.text)
    __use_two_region_memory                  0x08000597   Thumb Code     2  heapauxi.o(.text)
    __rt_heap_escrow$2region                 0x08000599   Thumb Code     2  heapauxi.o(.text)
    __rt_heap_expand$2region                 0x0800059b   Thumb Code     2  heapauxi.o(.text)
    __I$use$semihosting                      0x0800059d   Thumb Code     0  use_no_semi.o(.text)
    __use_no_semihosting_swi                 0x0800059d   Thumb Code     2  use_no_semi.o(.text)
    __lib_sel_fp_printf                      0x0800059f   Thumb Code     2  _printf_fp_dec.o(.text)
    _printf_fp_dec_real                      0x0800074d   Thumb Code   620  _printf_fp_dec.o(.text)
    _printf_char_file                        0x080009b9   Thumb Code    32  _printf_char_file.o(.text)
    __aeabi_memcpy4                          0x080009dd   Thumb Code     0  rt_memcpy_w.o(.text)
    __aeabi_memcpy8                          0x080009dd   Thumb Code     0  rt_memcpy_w.o(.text)
    __rt_memcpy_w                            0x080009dd   Thumb Code   100  rt_memcpy_w.o(.text)
    _memcpy_lastbytes_aligned                0x08000a25   Thumb Code     0  rt_memcpy_w.o(.text)
    __rt_locale                              0x08000a41   Thumb Code     8  rt_locale_intlibspace.o(.text)
    _ll_udiv10                               0x08000a49   Thumb Code   138  lludiv10.o(.text)
    _printf_char_common                      0x08000adf   Thumb Code    32  _printf_char_common.o(.text)
    _printf_fp_infnan                        0x08000b05   Thumb Code   112  _printf_fp_infnan.o(.text)
    _btod_etento                             0x08000b85   Thumb Code   216  bigflt0.o(.text)
    ferror                                   0x08000c61   Thumb Code     8  ferror.o(.text)
    __user_libspace                          0x08000c69   Thumb Code     8  libspace.o(.text)
    __user_perproc_libspace                  0x08000c69   Thumb Code     0  libspace.o(.text)
    __user_perthread_libspace                0x08000c69   Thumb Code     0  libspace.o(.text)
    __user_setup_stackheap                   0x08000c71   Thumb Code    74  sys_stackheap_outer.o(.text)
    exit                                     0x08000cbb   Thumb Code    12  exit.o(.text)
    strcmp                                   0x08000cc9   Thumb Code   128  strcmpv7m.o(.text)
    _btod_d2e                                0x08000d49   Thumb Code    62  btod.o(CL$$btod_d2e)
    _d2e_denorm_low                          0x08000d87   Thumb Code    70  btod.o(CL$$btod_d2e_denorm_low)
    _d2e_norm_op1                            0x08000dcd   Thumb Code    96  btod.o(CL$$btod_d2e_norm_op1)
    __btod_div_common                        0x08000e2d   Thumb Code   696  btod.o(CL$$btod_div_common)
    _e2e                                     0x08001165   Thumb Code   198  btod.o(CL$$btod_e2e)
    _btod_ediv                               0x0800122b   Thumb Code    40  btod.o(CL$$btod_ediv)
    _btod_emul                               0x08001253   Thumb Code    40  btod.o(CL$$btod_emul)
    __btod_mult_common                       0x0800127b   Thumb Code   580  btod.o(CL$$btod_mult_common)
    BusFault_Handler                         0x080014bf   Thumb Code     2  stm32f4xx_it.o(i.BusFault_Handler)
    DebugMon_Handler                         0x080014c1   Thumb Code     2  stm32f4xx_it.o(i.DebugMon_Handler)
    HAL_DMA_Abort_IT                         0x080014c3   Thumb Code    36  stm32f4xx_hal_dma.o(i.HAL_DMA_Abort_IT)
    HAL_GPIO_Init                            0x080014e9   Thumb Code   402  stm32f4xx_hal_gpio.o(i.HAL_GPIO_Init)
    HAL_GPIO_WritePin                        0x080016a9   Thumb Code    10  stm32f4xx_hal_gpio.o(i.HAL_GPIO_WritePin)
    HAL_IncTick                              0x080016b5   Thumb Code    12  stm32f4xx_hal.o(i.HAL_IncTick)
    HAL_NVIC_EnableIRQ                       0x080016c5   Thumb Code    26  stm32f4xx_hal_cortex.o(i.HAL_NVIC_EnableIRQ)
    HAL_NVIC_SetPriority                     0x080016e1   Thumb Code    60  stm32f4xx_hal_cortex.o(i.HAL_NVIC_SetPriority)
    HAL_RCC_GetPCLK1Freq                     0x08001721   Thumb Code    20  stm32f4xx_hal_rcc.o(i.HAL_RCC_GetPCLK1Freq)
    HAL_RCC_GetPCLK2Freq                     0x08001741   Thumb Code    20  stm32f4xx_hal_rcc.o(i.HAL_RCC_GetPCLK2Freq)
    HAL_SYSTICK_CLKSourceConfig              0x08001761   Thumb Code    24  stm32f4xx_hal_cortex.o(i.HAL_SYSTICK_CLKSourceConfig)
    HAL_TIMEx_BreakCallback                  0x08001779   Thumb Code     2  stm32f4xx_hal_tim_ex.o(i.HAL_TIMEx_BreakCallback)
    HAL_TIMEx_CommutCallback                 0x0800177b   Thumb Code     2  stm32f4xx_hal_tim_ex.o(i.HAL_TIMEx_CommutCallback)
    HAL_TIM_IC_CaptureCallback               0x0800177d   Thumb Code     2  stm32f4xx_hal_tim.o(i.HAL_TIM_IC_CaptureCallback)
    HAL_TIM_IRQHandler                       0x0800177f   Thumb Code   358  stm32f4xx_hal_tim.o(i.HAL_TIM_IRQHandler)
    HAL_TIM_OC_DelayElapsedCallback          0x080018e5   Thumb Code     2  stm32f4xx_hal_tim.o(i.HAL_TIM_OC_DelayElapsedCallback)
    HAL_TIM_PWM_PulseFinishedCallback        0x080018e7   Thumb Code     2  stm32f4xx_hal_tim.o(i.HAL_TIM_PWM_PulseFinishedCallback)
    HAL_TIM_PeriodElapsedCallback            0x080018e9   Thumb Code    26  timer.o(i.HAL_TIM_PeriodElapsedCallback)
    HAL_TIM_TriggerCallback                  0x0800190d   Thumb Code     2  stm32f4xx_hal_tim.o(i.HAL_TIM_TriggerCallback)
    HAL_UART_ErrorCallback                   0x0800190f   Thumb Code     2  stm32f4xx_hal_uart.o(i.HAL_UART_ErrorCallback)
    HAL_UART_GetState                        0x08001911   Thumb Code    10  stm32f4xx_hal_uart.o(i.HAL_UART_GetState)
    HAL_UART_IRQHandler                      0x0800191d   Thumb Code   266  stm32f4xx_hal_uart.o(i.HAL_UART_IRQHandler)
    HAL_UART_Init                            0x08001a2d   Thumb Code    98  stm32f4xx_hal_uart.o(i.HAL_UART_Init)
    HAL_UART_MspInit                         0x08001a91   Thumb Code   112  usart.o(i.HAL_UART_MspInit)
    HAL_UART_Receive_IT                      0x08001b0d   Thumb Code    82  stm32f4xx_hal_uart.o(i.HAL_UART_Receive_IT)
    HAL_UART_RxCpltCallback                  0x08001b61   Thumb Code    76  usart.o(i.HAL_UART_RxCpltCallback)
    HAL_UART_TxCpltCallback                  0x08001bb9   Thumb Code     2  stm32f4xx_hal_uart.o(i.HAL_UART_TxCpltCallback)
    HardFault_Handler                        0x08001bbb   Thumb Code     2  stm32f4xx_it.o(i.HardFault_Handler)
    LED_Init                                 0x08001bbd   Thumb Code    72  led.o(i.LED_Init)
    MemManage_Handler                        0x08001c0d   Thumb Code     2  stm32f4xx_it.o(i.MemManage_Handler)
    NMI_Handler                              0x08001c0f   Thumb Code     2  stm32f4xx_it.o(i.NMI_Handler)
    SysTick_Handler                          0x08001c11   Thumb Code    24  delay.o(i.SysTick_Handler)
    SystemInit                               0x08001c29   Thumb Code    66  system_stm32f4xx.o(i.SystemInit)
    TIM3_IRQHandler                          0x08001c7d   Thumb Code     6  timer.o(i.TIM3_IRQHandler)
    USART1_IRQHandler                        0x0800205d   Thumb Code    34  usart.o(i.USART1_IRQHandler)
    UsageFault_Handler                       0x08002089   Thumb Code     2  stm32f4xx_it.o(i.UsageFault_Handler)
    __ARM_fpclassify                         0x0800208b   Thumb Code    48  fpclassify.o(i.__ARM_fpclassify)
    _is_digit                                0x080020db   Thumb Code    14  __printf_wp.o(i._is_digit)
    _sys_exit                                0x080020e9   Thumb Code     2  usart.o(i._sys_exit)
    delay_init                               0x080020ed   Thumb Code    46  delay.o(i.delay_init)
    float_task                               0x08002121   Thumb Code    56  main.o(i.float_task)
    fputc                                    0x0800217d   Thumb Code    14  usart.o(i.fputc)
    led0_task                                0x08002191   Thumb Code    20  main.o(i.led0_task)
    led1_task                                0x080021a9   Thumb Code    32  main.o(i.led1_task)
    main                                     0x080021cd   Thumb Code    48  main.o(i.main)
    pvPortMalloc                             0x080028d5   Thumb Code   188  heap_4.o(i.pvPortMalloc)
    pxPortInitialiseStack                    0x08002995   Thumb Code    40  port.o(i.pxPortInitialiseStack)
    start_task                               0x080029c1   Thumb Code    88  main.o(i.start_task)
    uart_init                                0x08002a4d   Thumb Code    44  usart.o(i.uart_init)
    uxListRemove                             0x08002a85   Thumb Code    38  list.o(i.uxListRemove)
    vListInitialise                          0x08002aab   Thumb Code    22  list.o(i.vListInitialise)
    vListInitialiseItem                      0x08002ac1   Thumb Code     6  list.o(i.vListInitialiseItem)
    vListInsert                              0x08002ac7   Thumb Code    48  list.o(i.vListInsert)
    vListInsertEnd                           0x08002af7   Thumb Code    24  list.o(i.vListInsertEnd)
    vPortEnterCritical                       0x08002b11   Thumb Code    54  port.o(i.vPortEnterCritical)
    vPortExitCritical                        0x08002b51   Thumb Code    34  port.o(i.vPortExitCritical)
    vPortFree                                0x08002b79   Thumb Code    94  heap_4.o(i.vPortFree)
    vPortSetupTimerInterrupt                 0x08002bdd   Thumb Code    32  port.o(i.vPortSetupTimerInterrupt)
    vQueueAddToRegistry                      0x08002c01   Thumb Code    72  queue.o(i.vQueueAddToRegistry)
    vQueueWaitForMessageRestricted           0x08002c4d   Thumb Code    68  queue.o(i.vQueueWaitForMessageRestricted)
    vTaskDelay                               0x08002c91   Thumb Code    66  tasks.o(i.vTaskDelay)
    vTaskDelete                              0x08002cdd   Thumb Code   164  tasks.o(i.vTaskDelete)
    vTaskInternalSetTimeOutState             0x08002d8d   Thumb Code    12  tasks.o(i.vTaskInternalSetTimeOutState)
    vTaskMissedYield                         0x08002d9d   Thumb Code     8  tasks.o(i.vTaskMissedYield)
    vTaskPlaceOnEventList                    0x08002da9   Thumb Code    44  tasks.o(i.vTaskPlaceOnEventList)
    vTaskPlaceOnEventListRestricted          0x08002dd9   Thumb Code    76  tasks.o(i.vTaskPlaceOnEventListRestricted)
    vTaskStartScheduler                      0x08002e29   Thumb Code    94  tasks.o(i.vTaskStartScheduler)
    vTaskSuspendAll                          0x08002e99   Thumb Code    10  tasks.o(i.vTaskSuspendAll)
    vTaskSwitchContext                       0x08002ea9   Thumb Code    82  tasks.o(i.vTaskSwitchContext)
    xPortStartScheduler                      0x08002f05   Thumb Code   224  port.o(i.xPortStartScheduler)
    xPortSysTickHandler                      0x08002ff9   Thumb Code    38  port.o(i.xPortSysTickHandler)
    xQueueGenericCreate                      0x08003025   Thumb Code    94  queue.o(i.xQueueGenericCreate)
    xQueueGenericReset                       0x08003085   Thumb Code   170  queue.o(i.xQueueGenericReset)
    xQueueReceive                            0x08003135   Thumb Code   308  queue.o(i.xQueueReceive)
    xTaskCheckForTimeOut                     0x0800326d   Thumb Code   118  tasks.o(i.xTaskCheckForTimeOut)
    xTaskCreate                              0x080032e9   Thumb Code    92  tasks.o(i.xTaskCreate)
    xTaskGetSchedulerState                   0x08003345   Thumb Code    22  tasks.o(i.xTaskGetSchedulerState)
    xTaskGetTickCount                        0x08003361   Thumb Code     6  tasks.o(i.xTaskGetTickCount)
    xTaskIncrementTick                       0x0800336d   Thumb Code   286  tasks.o(i.xTaskIncrementTick)
    xTaskRemoveFromEventList                 0x08003495   Thumb Code   210  tasks.o(i.xTaskRemoveFromEventList)
    xTaskResumeAll                           0x08003571   Thumb Code   284  tasks.o(i.xTaskResumeAll)
    xTimerCreateTimerTask                    0x08003699   Thumb Code    58  timers.o(i.xTimerCreateTimerTask)
    _get_lc_numeric                          0x080036e5   Thumb Code    44  lc_numeric_c.o(locale$$code)
    __fpl_dretinf                            0x08003711   Thumb Code    12  dretinf.o(x$fpl$dretinf)
    __aeabi_f2d                              0x0800371d   Thumb Code     0  f2d.o(x$fpl$f2d)
    _f2d                                     0x0800371d   Thumb Code    86  f2d.o(x$fpl$f2d)
    __fpl_fnaninf                            0x08003773   Thumb Code   140  fnaninf.o(x$fpl$fnaninf)
    _fp_init                                 0x080037ff   Thumb Code    10  fpinit.o(x$fpl$fpinit)
    __fplib_config_fpu_vfp                   0x08003807   Thumb Code     0  fpinit.o(x$fpl$fpinit)
    __fplib_config_pureend_doubles           0x08003807   Thumb Code     0  fpinit.o(x$fpl$fpinit)
    _printf_fp_dec                           0x08003809   Thumb Code     4  printf1.o(x$fpl$printf1)
    APBPrescTable                            0x0800380c   Data           8  system_stm32f4xx.o(.constdata)
    __I$use$fp                               0x0800380c   Number         0  usenofp.o(x$fpl$usenofp)
    Region$$Table$$Base                      0x080038a8   Number         0  anon$$obj.o(Region$$Table)
    Region$$Table$$Limit                     0x080038c8   Number         0  anon$$obj.o(Region$$Table)
    mem3base                                 0x10000000   Data       61440  malloc.o(.ARM.__AT_0x10000000)
    mem3mapbase                              0x1000f000   Data        3840  malloc.o(.ARM.__AT_0x1000F000)
    StartTask_Handler                        0x20000004   Data           4  main.o(.data)
    LED0Task_Handler                         0x20000008   Data           4  main.o(.data)
    LED1Task_Handler                         0x2000000c   Data           4  main.o(.data)
    FLOATTask_Handler                        0x20000010   Data           4  main.o(.data)
    SystemCoreClock                          0x20000014   Data           4  system_stm32f4xx.o(.data)
    uwTickFreq                               0x20000018   Data           1  stm32f4xx_hal.o(.data)
    uwTickPrio                               0x2000001c   Data           4  stm32f4xx_hal.o(.data)
    uwTick                                   0x20000020   Data           4  stm32f4xx_hal.o(.data)
    aRxBuffer                                0x20000028   Data           1  usart.o(.data)
    USART_RX_STA                             0x2000002a   Data           2  usart.o(.data)
    __stdout                                 0x2000002c   Data           4  usart.o(.data)
    pxCurrentTCB                             0x20000030   Data           4  tasks.o(.data)
    uxTopUsedPriority                        0x20000060   Data           4  tasks.o(.data)
    USART_RX_BUF                             0x200000ac   Data         200  usart.o(.bss)
    UART1_Handler                            0x20000174   Data          64  usart.o(.bss)
    TIM3_Handler                             0x200001b4   Data          64  timer.o(.bss)
    xQueueRegistry                           0x200001f4   Data          64  queue.o(.bss)
    __libspace_start                         0x20012f24   Data          96  libspace.o(.bss)
    __temporary_stack_top$libspace           0x20012f84   Data           0  libspace.o(.bss)
    mem2base                                 0x68000000   Data       983040  malloc.o(.ARM.__AT_0x68000000)
    mem2mapbase                              0x680f0000   Data       61440  malloc.o(.ARM.__AT_0x680F0000)



==============================================================================

Memory Map of the image

  Image Entry point : 0x08000189

  Load Region LR_IROM1 (Base: 0x08000000, Size: 0x00003990, Max: 0x00100000, ABSOLUTE)

    Execution Region ER_IROM1 (Exec base: 0x08000000, Load base: 0x08000000, Size: 0x000038e4, Max: 0x00100000, ABSOLUTE)

    Exec Addr    Load Addr    Size         Type   Attr      Idx    E Section Name        Object

    0x08000000   0x08000000   0x00000188   Data   RO          511    RESET               startup_stm32f407xx.o
    0x08000188   0x08000188   0x00000008   Code   RO         5540  * !!!main             c_w.l(__main.o)
    0x08000190   0x08000190   0x00000034   Code   RO         5787    !!!scatter          c_w.l(__scatter.o)
    0x080001c4   0x080001c4   0x0000001a   Code   RO         5789    !!handler_copy      c_w.l(__scatter_copy.o)
    0x080001de   0x080001de   0x00000002   PAD
    0x080001e0   0x080001e0   0x0000001c   Code   RO         5791    !!handler_zi        c_w.l(__scatter_zi.o)
    0x080001fc   0x080001fc   0x00000000   Code   RO         5527    .ARM.Collect$$_printf_percent$$00000000  c_w.l(_printf_percent.o)
    0x080001fc   0x080001fc   0x00000006   Code   RO         5526    .ARM.Collect$$_printf_percent$$00000003  c_w.l(_printf_f.o)
    0x08000202   0x08000202   0x00000004   Code   RO         5571    .ARM.Collect$$_printf_percent$$00000017  c_w.l(_printf_percent_end.o)
    0x08000206   0x08000206   0x00000002   Code   RO         5665    .ARM.Collect$$libinit$$00000000  c_w.l(libinit.o)
    0x08000208   0x08000208   0x00000004   Code   RO         5666    .ARM.Collect$$libinit$$00000001  c_w.l(libinit2.o)
    0x0800020c   0x0800020c   0x00000000   Code   RO         5669    .ARM.Collect$$libinit$$00000004  c_w.l(libinit2.o)
    0x0800020c   0x0800020c   0x00000000   Code   RO         5672    .ARM.Collect$$libinit$$0000000A  c_w.l(libinit2.o)
    0x0800020c   0x0800020c   0x00000000   Code   RO         5674    .ARM.Collect$$libinit$$0000000C  c_w.l(libinit2.o)
    0x0800020c   0x0800020c   0x00000000   Code   RO         5676    .ARM.Collect$$libinit$$0000000E  c_w.l(libinit2.o)
    0x0800020c   0x0800020c   0x00000006   Code   RO         5677    .ARM.Collect$$libinit$$0000000F  c_w.l(libinit2.o)
    0x08000212   0x08000212   0x00000000   Code   RO         5679    .ARM.Collect$$libinit$$00000011  c_w.l(libinit2.o)
    0x08000212   0x08000212   0x00000000   Code   RO         5681    .ARM.Collect$$libinit$$00000013  c_w.l(libinit2.o)
    0x08000212   0x08000212   0x00000000   Code   RO         5683    .ARM.Collect$$libinit$$00000015  c_w.l(libinit2.o)
    0x08000212   0x08000212   0x0000000a   Code   RO         5684    .ARM.Collect$$libinit$$00000016  c_w.l(libinit2.o)
    0x0800021c   0x0800021c   0x00000000   Code   RO         5685    .ARM.Collect$$libinit$$00000017  c_w.l(libinit2.o)
    0x0800021c   0x0800021c   0x00000000   Code   RO         5687    .ARM.Collect$$libinit$$00000019  c_w.l(libinit2.o)
    0x0800021c   0x0800021c   0x00000000   Code   RO         5689    .ARM.Collect$$libinit$$0000001B  c_w.l(libinit2.o)
    0x0800021c   0x0800021c   0x00000000   Code   RO         5691    .ARM.Collect$$libinit$$0000001D  c_w.l(libinit2.o)
    0x0800021c   0x0800021c   0x00000000   Code   RO         5693    .ARM.Collect$$libinit$$0000001F  c_w.l(libinit2.o)
    0x0800021c   0x0800021c   0x00000000   Code   RO         5695    .ARM.Collect$$libinit$$00000021  c_w.l(libinit2.o)
    0x0800021c   0x0800021c   0x00000000   Code   RO         5697    .ARM.Collect$$libinit$$00000023  c_w.l(libinit2.o)
    0x0800021c   0x0800021c   0x00000000   Code   RO         5699    .ARM.Collect$$libinit$$00000025  c_w.l(libinit2.o)
    0x0800021c   0x0800021c   0x00000000   Code   RO         5703    .ARM.Collect$$libinit$$0000002C  c_w.l(libinit2.o)
    0x0800021c   0x0800021c   0x00000000   Code   RO         5705    .ARM.Collect$$libinit$$0000002E  c_w.l(libinit2.o)
    0x0800021c   0x0800021c   0x00000000   Code   RO         5707    .ARM.Collect$$libinit$$00000030  c_w.l(libinit2.o)
    0x0800021c   0x0800021c   0x00000000   Code   RO         5709    .ARM.Collect$$libinit$$00000032  c_w.l(libinit2.o)
    0x0800021c   0x0800021c   0x00000002   Code   RO         5710    .ARM.Collect$$libinit$$00000033  c_w.l(libinit2.o)
    0x0800021e   0x0800021e   0x00000002   Code   RO         5752    .ARM.Collect$$libshutdown$$00000000  c_w.l(libshutdown.o)
    0x08000220   0x08000220   0x00000000   Code   RO         5772    .ARM.Collect$$libshutdown$$00000003  c_w.l(libshutdown2.o)
    0x08000220   0x08000220   0x00000000   Code   RO         5775    .ARM.Collect$$libshutdown$$00000006  c_w.l(libshutdown2.o)
    0x08000220   0x08000220   0x00000000   Code   RO         5778    .ARM.Collect$$libshutdown$$00000009  c_w.l(libshutdown2.o)
    0x08000220   0x08000220   0x00000000   Code   RO         5780    .ARM.Collect$$libshutdown$$0000000B  c_w.l(libshutdown2.o)
    0x08000220   0x08000220   0x00000000   Code   RO         5783    .ARM.Collect$$libshutdown$$0000000E  c_w.l(libshutdown2.o)
    0x08000220   0x08000220   0x00000002   Code   RO         5784    .ARM.Collect$$libshutdown$$0000000F  c_w.l(libshutdown2.o)
    0x08000222   0x08000222   0x00000000   Code   RO         5560    .ARM.Collect$$rtentry$$00000000  c_w.l(__rtentry.o)
    0x08000222   0x08000222   0x00000000   Code   RO         5582    .ARM.Collect$$rtentry$$00000002  c_w.l(__rtentry2.o)
    0x08000222   0x08000222   0x00000006   Code   RO         5594    .ARM.Collect$$rtentry$$00000004  c_w.l(__rtentry4.o)
    0x08000228   0x08000228   0x00000000   Code   RO         5584    .ARM.Collect$$rtentry$$00000009  c_w.l(__rtentry2.o)
    0x08000228   0x08000228   0x00000004   Code   RO         5585    .ARM.Collect$$rtentry$$0000000A  c_w.l(__rtentry2.o)
    0x0800022c   0x0800022c   0x00000000   Code   RO         5587    .ARM.Collect$$rtentry$$0000000C  c_w.l(__rtentry2.o)
    0x0800022c   0x0800022c   0x00000008   Code   RO         5588    .ARM.Collect$$rtentry$$0000000D  c_w.l(__rtentry2.o)
    0x08000234   0x08000234   0x00000002   Code   RO         5711    .ARM.Collect$$rtexit$$00000000  c_w.l(rtexit.o)
    0x08000236   0x08000236   0x00000000   Code   RO         5724    .ARM.Collect$$rtexit$$00000002  c_w.l(rtexit2.o)
    0x08000236   0x08000236   0x00000004   Code   RO         5725    .ARM.Collect$$rtexit$$00000003  c_w.l(rtexit2.o)
    0x0800023a   0x0800023a   0x00000006   Code   RO         5726    .ARM.Collect$$rtexit$$00000004  c_w.l(rtexit2.o)
    0x08000240   0x08000240   0x000000be   Code   RO         5308    .emb_text           port.o
    0x080002fe   0x080002fe   0x00000002   PAD
    0x08000300   0x08000300   0x00000040   Code   RO          512    .text               startup_stm32f407xx.o
    0x08000340   0x08000340   0x00000002   Code   RO         5474    .text               c_w.l(use_no_semi_2.o)
    0x08000342   0x08000342   0x00000002   PAD
    0x08000344   0x08000344   0x00000018   Code   RO         5480    .text               c_w.l(noretval__2printf.o)
    0x0800035c   0x0800035c   0x0000010e   Code   RO         5513    .text               c_w.l(__printf_wp.o)
    0x0800046a   0x0800046a   0x0000008a   Code   RO         5528    .text               c_w.l(rt_memcpy_v6.o)
    0x080004f4   0x080004f4   0x00000010   Code   RO         5532    .text               c_w.l(aeabi_memset.o)
    0x08000504   0x08000504   0x00000044   Code   RO         5534    .text               c_w.l(rt_memclr.o)
    0x08000548   0x08000548   0x0000004e   Code   RO         5536    .text               c_w.l(rt_memclr_w.o)
    0x08000596   0x08000596   0x00000006   Code   RO         5538    .text               c_w.l(heapauxi.o)
    0x0800059c   0x0800059c   0x00000002   Code   RO         5558    .text               c_w.l(use_no_semi.o)
    0x0800059e   0x0800059e   0x0000041a   Code   RO         5567    .text               c_w.l(_printf_fp_dec.o)
    0x080009b8   0x080009b8   0x00000024   Code   RO         5569    .text               c_w.l(_printf_char_file.o)
    0x080009dc   0x080009dc   0x00000064   Code   RO         5572    .text               c_w.l(rt_memcpy_w.o)
    0x08000a40   0x08000a40   0x00000008   Code   RO         5601    .text               c_w.l(rt_locale_intlibspace.o)
    0x08000a48   0x08000a48   0x0000008a   Code   RO         5603    .text               c_w.l(lludiv10.o)
    0x08000ad2   0x08000ad2   0x00000002   PAD
    0x08000ad4   0x08000ad4   0x00000030   Code   RO         5605    .text               c_w.l(_printf_char_common.o)
    0x08000b04   0x08000b04   0x00000080   Code   RO         5607    .text               c_w.l(_printf_fp_infnan.o)
    0x08000b84   0x08000b84   0x000000dc   Code   RO         5609    .text               c_w.l(bigflt0.o)
    0x08000c60   0x08000c60   0x00000008   Code   RO         5634    .text               c_w.l(ferror.o)
    0x08000c68   0x08000c68   0x00000008   Code   RO         5645    .text               c_w.l(libspace.o)
    0x08000c70   0x08000c70   0x0000004a   Code   RO         5648    .text               c_w.l(sys_stackheap_outer.o)
    0x08000cba   0x08000cba   0x0000000c   Code   RO         5652    .text               c_w.l(exit.o)
    0x08000cc6   0x08000cc6   0x00000002   PAD
    0x08000cc8   0x08000cc8   0x00000080   Code   RO         5658    .text               c_w.l(strcmpv7m.o)
    0x08000d48   0x08000d48   0x0000003e   Code   RO         5612    CL$$btod_d2e        c_w.l(btod.o)
    0x08000d86   0x08000d86   0x00000046   Code   RO         5614    CL$$btod_d2e_denorm_low  c_w.l(btod.o)
    0x08000dcc   0x08000dcc   0x00000060   Code   RO         5613    CL$$btod_d2e_norm_op1  c_w.l(btod.o)
    0x08000e2c   0x08000e2c   0x00000338   Code   RO         5622    CL$$btod_div_common  c_w.l(btod.o)
    0x08001164   0x08001164   0x000000c6   Code   RO         5619    CL$$btod_e2e        c_w.l(btod.o)
    0x0800122a   0x0800122a   0x00000028   Code   RO         5616    CL$$btod_ediv       c_w.l(btod.o)
    0x08001252   0x08001252   0x00000028   Code   RO         5615    CL$$btod_emul       c_w.l(btod.o)
    0x0800127a   0x0800127a   0x00000244   Code   RO         5621    CL$$btod_mult_common  c_w.l(btod.o)
    0x080014be   0x080014be   0x00000002   Code   RO          296    i.BusFault_Handler  stm32f4xx_it.o
    0x080014c0   0x080014c0   0x00000002   Code   RO          297    i.DebugMon_Handler  stm32f4xx_it.o
    0x080014c2   0x080014c2   0x00000024   Code   RO         1824    i.HAL_DMA_Abort_IT  stm32f4xx_hal_dma.o
    0x080014e6   0x080014e6   0x00000002   PAD
    0x080014e8   0x080014e8   0x000001c0   Code   RO          840    i.HAL_GPIO_Init     stm32f4xx_hal_gpio.o
    0x080016a8   0x080016a8   0x0000000a   Code   RO          844    i.HAL_GPIO_WritePin  stm32f4xx_hal_gpio.o
    0x080016b2   0x080016b2   0x00000002   PAD
    0x080016b4   0x080016b4   0x00000010   Code   RO          538    i.HAL_IncTick       stm32f4xx_hal.o
    0x080016c4   0x080016c4   0x0000001a   Code   RO          707    i.HAL_NVIC_EnableIRQ  stm32f4xx_hal_cortex.o
    0x080016de   0x080016de   0x00000002   PAD
    0x080016e0   0x080016e0   0x00000040   Code   RO          713    i.HAL_NVIC_SetPriority  stm32f4xx_hal_cortex.o
    0x08001720   0x08001720   0x00000020   Code   RO         1085    i.HAL_RCC_GetPCLK1Freq  stm32f4xx_hal_rcc.o
    0x08001740   0x08001740   0x00000020   Code   RO         1086    i.HAL_RCC_GetPCLK2Freq  stm32f4xx_hal_rcc.o
    0x08001760   0x08001760   0x00000018   Code   RO          716    i.HAL_SYSTICK_CLKSourceConfig  stm32f4xx_hal_cortex.o
    0x08001778   0x08001778   0x00000002   Code   RO         2644    i.HAL_TIMEx_BreakCallback  stm32f4xx_hal_tim_ex.o
    0x0800177a   0x0800177a   0x00000002   Code   RO         2645    i.HAL_TIMEx_CommutCallback  stm32f4xx_hal_tim_ex.o
    0x0800177c   0x0800177c   0x00000002   Code   RO         1998    i.HAL_TIM_IC_CaptureCallback  stm32f4xx_hal_tim.o
    0x0800177e   0x0800177e   0x00000166   Code   RO         2012    i.HAL_TIM_IRQHandler  stm32f4xx_hal_tim.o
    0x080018e4   0x080018e4   0x00000002   Code   RO         2015    i.HAL_TIM_OC_DelayElapsedCallback  stm32f4xx_hal_tim.o
    0x080018e6   0x080018e6   0x00000002   Code   RO         2042    i.HAL_TIM_PWM_PulseFinishedCallback  stm32f4xx_hal_tim.o
    0x080018e8   0x080018e8   0x00000024   Code   RO         4102    i.HAL_TIM_PeriodElapsedCallback  timer.o
    0x0800190c   0x0800190c   0x00000002   Code   RO         2055    i.HAL_TIM_TriggerCallback  stm32f4xx_hal_tim.o
    0x0800190e   0x0800190e   0x00000002   Code   RO         1254    i.HAL_UART_ErrorCallback  stm32f4xx_hal_uart.o
    0x08001910   0x08001910   0x0000000a   Code   RO         1256    i.HAL_UART_GetState  stm32f4xx_hal_uart.o
    0x0800191a   0x0800191a   0x00000002   PAD
    0x0800191c   0x0800191c   0x00000110   Code   RO         1257    i.HAL_UART_IRQHandler  stm32f4xx_hal_uart.o
    0x08001a2c   0x08001a2c   0x00000062   Code   RO         1258    i.HAL_UART_Init     stm32f4xx_hal_uart.o
    0x08001a8e   0x08001a8e   0x00000002   PAD
    0x08001a90   0x08001a90   0x0000007c   Code   RO         3715    i.HAL_UART_MspInit  usart.o
    0x08001b0c   0x08001b0c   0x00000052   Code   RO         1263    i.HAL_UART_Receive_IT  stm32f4xx_hal_uart.o
    0x08001b5e   0x08001b5e   0x00000002   PAD
    0x08001b60   0x08001b60   0x00000058   Code   RO         3716    i.HAL_UART_RxCpltCallback  usart.o
    0x08001bb8   0x08001bb8   0x00000002   Code   RO         1269    i.HAL_UART_TxCpltCallback  stm32f4xx_hal_uart.o
    0x08001bba   0x08001bba   0x00000002   Code   RO          298    i.HardFault_Handler  stm32f4xx_it.o
    0x08001bbc   0x08001bbc   0x00000050   Code   RO         3781    i.LED_Init          led.o
    0x08001c0c   0x08001c0c   0x00000002   Code   RO          299    i.MemManage_Handler  stm32f4xx_it.o
    0x08001c0e   0x08001c0e   0x00000002   Code   RO          300    i.NMI_Handler       stm32f4xx_it.o
    0x08001c10   0x08001c10   0x00000018   Code   RO         3643    i.SysTick_Handler   delay.o
    0x08001c28   0x08001c28   0x00000054   Code   RO          357    i.SystemInit        system_stm32f4xx.o
    0x08001c7c   0x08001c7c   0x0000000c   Code   RO         4103    i.TIM3_IRQHandler   timer.o
    0x08001c88   0x08001c88   0x00000010   Code   RO         1271    i.UART_DMAAbortOnError  stm32f4xx_hal_uart.o
    0x08001c98   0x08001c98   0x0000001c   Code   RO         1281    i.UART_EndRxTransfer  stm32f4xx_hal_uart.o
    0x08001cb4   0x08001cb4   0x00000096   Code   RO         1283    i.UART_Receive_IT   stm32f4xx_hal_uart.o
    0x08001d4a   0x08001d4a   0x00000002   PAD
    0x08001d4c   0x08001d4c   0x000002ac   Code   RO         1284    i.UART_SetConfig    stm32f4xx_hal_uart.o
    0x08001ff8   0x08001ff8   0x00000062   Code   RO         1285    i.UART_Transmit_IT  stm32f4xx_hal_uart.o
    0x0800205a   0x0800205a   0x00000002   PAD
    0x0800205c   0x0800205c   0x0000002c   Code   RO         3717    i.USART1_IRQHandler  usart.o
    0x08002088   0x08002088   0x00000002   Code   RO          301    i.UsageFault_Handler  stm32f4xx_it.o
    0x0800208a   0x0800208a   0x00000030   Code   RO         5643    i.__ARM_fpclassify  m_wm.l(fpclassify.o)
    0x080020ba   0x080020ba   0x00000020   Code   RO          720    i.__NVIC_SetPriority  stm32f4xx_hal_cortex.o
    0x080020da   0x080020da   0x0000000e   Code   RO         5515    i._is_digit         c_w.l(__printf_wp.o)
    0x080020e8   0x080020e8   0x00000002   Code   RO         3718    i._sys_exit         usart.o
    0x080020ea   0x080020ea   0x00000002   PAD
    0x080020ec   0x080020ec   0x00000034   Code   RO         3644    i.delay_init        delay.o
    0x08002120   0x08002120   0x0000005c   Code   RO            4    i.float_task        main.o
    0x0800217c   0x0800217c   0x00000014   Code   RO         3719    i.fputc             usart.o
    0x08002190   0x08002190   0x00000018   Code   RO            5    i.led0_task         main.o
    0x080021a8   0x080021a8   0x00000024   Code   RO            6    i.led1_task         main.o
    0x080021cc   0x080021cc   0x00000044   Code   RO            7    i.main              main.o
    0x08002210   0x08002210   0x00000088   Code   RO         4743    i.prvAddCurrentTaskToDelayedList  tasks.o
    0x08002298   0x08002298   0x000000f0   Code   RO         4744    i.prvAddNewTaskToReadyList  tasks.o
    0x08002388   0x08002388   0x00000050   Code   RO         5091    i.prvCheckForValidListAndQueue  timers.o
    0x080023d8   0x080023d8   0x00000026   Code   RO         4386    i.prvCopyDataFromQueue  queue.o
    0x080023fe   0x080023fe   0x00000014   Code   RO         4745    i.prvDeleteTCB      tasks.o
    0x08002412   0x08002412   0x00000002   PAD
    0x08002414   0x08002414   0x00000044   Code   RO         5247    i.prvHeapInit       heap_4.o
    0x08002458   0x08002458   0x0000005c   Code   RO         4746    i.prvIdleTask       tasks.o
    0x080024b4   0x080024b4   0x000000a6   Code   RO         4747    i.prvInitialiseNewTask  tasks.o
    0x0800255a   0x0800255a   0x00000002   PAD
    0x0800255c   0x0800255c   0x0000004c   Code   RO         5248    i.prvInsertBlockIntoFreeList  heap_4.o
    0x080025a8   0x080025a8   0x00000038   Code   RO         5092    i.prvInsertTimerInActiveList  timers.o
    0x080025e0   0x080025e0   0x0000001a   Code   RO         4388    i.prvIsQueueEmpty   queue.o
    0x080025fa   0x080025fa   0x00000002   PAD
    0x080025fc   0x080025fc   0x00000040   Code   RO         5093    i.prvProcessExpiredTimer  timers.o
    0x0800263c   0x0800263c   0x000000e4   Code   RO         5094    i.prvProcessReceivedCommands  timers.o
    0x08002720   0x08002720   0x0000006c   Code   RO         5095    i.prvProcessTimerOrBlockTask  timers.o
    0x0800278c   0x0800278c   0x00000028   Code   RO         5096    i.prvReloadTimer    timers.o
    0x080027b4   0x080027b4   0x0000001c   Code   RO         4749    i.prvResetNextTaskUnblockTime  tasks.o
    0x080027d0   0x080027d0   0x00000048   Code   RO         5097    i.prvSampleTimeNow  timers.o
    0x08002818   0x08002818   0x00000028   Code   RO         5309    i.prvTaskExitError  port.o
    0x08002840   0x08002840   0x00000028   Code   RO         5098    i.prvTimerTask      timers.o
    0x08002868   0x08002868   0x0000006a   Code   RO         4389    i.prvUnlockQueue    queue.o
    0x080028d2   0x080028d2   0x00000002   PAD
    0x080028d4   0x080028d4   0x000000c0   Code   RO         5250    i.pvPortMalloc      heap_4.o
    0x08002994   0x08002994   0x0000002c   Code   RO         5310    i.pxPortInitialiseStack  port.o
    0x080029c0   0x080029c0   0x0000008c   Code   RO            8    i.start_task        main.o
    0x08002a4c   0x08002a4c   0x00000038   Code   RO         3720    i.uart_init         usart.o
    0x08002a84   0x08002a84   0x00000026   Code   RO         4346    i.uxListRemove      list.o
    0x08002aaa   0x08002aaa   0x00000016   Code   RO         4347    i.vListInitialise   list.o
    0x08002ac0   0x08002ac0   0x00000006   Code   RO         4348    i.vListInitialiseItem  list.o
    0x08002ac6   0x08002ac6   0x00000030   Code   RO         4349    i.vListInsert       list.o
    0x08002af6   0x08002af6   0x00000018   Code   RO         4350    i.vListInsertEnd    list.o
    0x08002b0e   0x08002b0e   0x00000002   PAD
    0x08002b10   0x08002b10   0x00000040   Code   RO         5312    i.vPortEnterCritical  port.o
    0x08002b50   0x08002b50   0x00000028   Code   RO         5313    i.vPortExitCritical  port.o
    0x08002b78   0x08002b78   0x00000064   Code   RO         5251    i.vPortFree         heap_4.o
    0x08002bdc   0x08002bdc   0x00000024   Code   RO         5314    i.vPortSetupTimerInterrupt  port.o
    0x08002c00   0x08002c00   0x0000004c   Code   RO         4395    i.vQueueAddToRegistry  queue.o
    0x08002c4c   0x08002c4c   0x00000044   Code   RO         4399    i.vQueueWaitForMessageRestricted  queue.o
    0x08002c90   0x08002c90   0x0000004c   Code   RO         4760    i.vTaskDelay        tasks.o
    0x08002cdc   0x08002cdc   0x000000b0   Code   RO         4761    i.vTaskDelete       tasks.o
    0x08002d8c   0x08002d8c   0x00000010   Code   RO         4765    i.vTaskInternalSetTimeOutState  tasks.o
    0x08002d9c   0x08002d9c   0x0000000c   Code   RO         4766    i.vTaskMissedYield  tasks.o
    0x08002da8   0x08002da8   0x00000030   Code   RO         4767    i.vTaskPlaceOnEventList  tasks.o
    0x08002dd8   0x08002dd8   0x00000050   Code   RO         4768    i.vTaskPlaceOnEventListRestricted  tasks.o
    0x08002e28   0x08002e28   0x00000070   Code   RO         4776    i.vTaskStartScheduler  tasks.o
    0x08002e98   0x08002e98   0x00000010   Code   RO         4778    i.vTaskSuspendAll   tasks.o
    0x08002ea8   0x08002ea8   0x0000005c   Code   RO         4779    i.vTaskSwitchContext  tasks.o
    0x08002f04   0x08002f04   0x000000f4   Code   RO         5316    i.xPortStartScheduler  port.o
    0x08002ff8   0x08002ff8   0x0000002c   Code   RO         5317    i.xPortSysTickHandler  port.o
    0x08003024   0x08003024   0x0000005e   Code   RO         4402    i.xQueueGenericCreate  queue.o
    0x08003082   0x08003082   0x00000002   PAD
    0x08003084   0x08003084   0x000000b0   Code   RO         4403    i.xQueueGenericReset  queue.o
    0x08003134   0x08003134   0x00000138   Code   RO         4412    i.xQueueReceive     queue.o
    0x0800326c   0x0800326c   0x0000007c   Code   RO         4781    i.xTaskCheckForTimeOut  tasks.o
    0x080032e8   0x080032e8   0x0000005c   Code   RO         4782    i.xTaskCreate       tasks.o
    0x08003344   0x08003344   0x0000001c   Code   RO         4789    i.xTaskGetSchedulerState  tasks.o
    0x08003360   0x08003360   0x0000000c   Code   RO         4790    i.xTaskGetTickCount  tasks.o
    0x0800336c   0x0800336c   0x00000128   Code   RO         4792    i.xTaskIncrementTick  tasks.o
    0x08003494   0x08003494   0x000000dc   Code   RO         4795    i.xTaskRemoveFromEventList  tasks.o
    0x08003570   0x08003570   0x00000128   Code   RO         4796    i.xTaskResumeAll    tasks.o
    0x08003698   0x08003698   0x0000004c   Code   RO         5106    i.xTimerCreateTimerTask  timers.o
    0x080036e4   0x080036e4   0x0000002c   Code   RO         5639    locale$$code        c_w.l(lc_numeric_c.o)
    0x08003710   0x08003710   0x0000000c   Code   RO         5576    x$fpl$dretinf       fz_wm.l(dretinf.o)
    0x0800371c   0x0800371c   0x00000056   Code   RO         5554    x$fpl$f2d           fz_wm.l(f2d.o)
    0x08003772   0x08003772   0x0000008c   Code   RO         5578    x$fpl$fnaninf       fz_wm.l(fnaninf.o)
    0x080037fe   0x080037fe   0x0000000a   Code   RO         5721    x$fpl$fpinit        fz_wm.l(fpinit.o)
    0x08003808   0x08003808   0x00000004   Code   RO         5556    x$fpl$printf1       fz_wm.l(printf1.o)
    0x0800380c   0x0800380c   0x00000000   Code   RO         5580    x$fpl$usenofp       fz_wm.l(usenofp.o)
    0x0800380c   0x0800380c   0x00000008   Data   RO          359    .constdata          system_stm32f4xx.o
    0x08003814   0x08003814   0x00000094   Data   RO         5610    .constdata          c_w.l(bigflt0.o)
    0x080038a8   0x080038a8   0x00000020   Data   RO         5785    Region$$Table       anon$$obj.o
    0x080038c8   0x080038c8   0x0000001c   Data   RO         5638    locale$$data        c_w.l(lc_numeric_c.o)


    Execution Region RW_IRAM1 (Exec base: 0x20000000, Load base: 0x080038e4, Size: 0x00013588, Max: 0x00020000, ABSOLUTE)

    Exec Addr    Load Addr    Size         Type   Attr      Idx    E Section Name        Object

    0x20000000   0x080038e4   0x00000014   Data   RW            9    .data               main.o
    0x20000014   0x080038f8   0x00000004   Data   RW          360    .data               system_stm32f4xx.o
    0x20000018   0x080038fc   0x0000000c   Data   RW          546    .data               stm32f4xx_hal.o
    0x20000024   0x08003908   0x00000004   Data   RW         3647    .data               delay.o
    0x20000028   0x0800390c   0x00000004   Data   RW         3722    .data               usart.o
    0x2000002c   0x08003910   0x00000004   Data   RW         3723    .data               usart.o
    0x20000030   0x08003914   0x00000040   Data   RW         4799    .data               tasks.o
    0x20000070   0x08003954   0x00000014   Data   RW         5114    .data               timers.o
    0x20000084   0x08003968   0x0000001c   Data   RW         5257    .data               heap_4.o
    0x200000a0   0x08003984   0x0000000c   Data   RW         5318    .data               port.o
    0x200000ac        -       0x00000108   Zero   RW         3721    .bss                usart.o
    0x200001b4        -       0x00000040   Zero   RW         4105    .bss                timer.o
    0x200001f4        -       0x00000040   Zero   RW         4416    .bss                queue.o
    0x20000234        -       0x000000c8   Zero   RW         4798    .bss                tasks.o
    0x200002fc        -       0x00000028   Zero   RW         5113    .bss                timers.o
    0x20000324        -       0x00012c00   Zero   RW         5256    .bss                heap_4.o
    0x20012f24        -       0x00000060   Zero   RW         5646    .bss                c_w.l(libspace.o)
    0x20012f84   0x08003990   0x00000004   PAD
    0x20012f88        -       0x00000200   Zero   RW          510    HEAP                startup_stm32f407xx.o
    0x20013188        -       0x00000400   Zero   RW          509    STACK               startup_stm32f407xx.o



  Load Region LR$$.ARM.__AT_0x10000000 (Base: 0x10000000, Size: 0x00000000, Max: 0x0000f000, ABSOLUTE)

    Execution Region ER$$.ARM.__AT_0x10000000 (Exec base: 0x10000000, Load base: 0x10000000, Size: 0x0000f000, Max: 0x0000f000, ABSOLUTE, UNINIT)

    Exec Addr    Load Addr    Size         Type   Attr      Idx    E Section Name        Object

    0x10000000        -       0x0000f000   Zero   RW         4158    .ARM.__AT_0x10000000  malloc.o



  Load Region LR$$.ARM.__AT_0x1000F000 (Base: 0x1000f000, Size: 0x00000000, Max: 0x00000f00, ABSOLUTE)

    Execution Region ER$$.ARM.__AT_0x1000F000 (Exec base: 0x1000f000, Load base: 0x1000f000, Size: 0x00000f00, Max: 0x00000f00, ABSOLUTE, UNINIT)

    Exec Addr    Load Addr    Size         Type   Attr      Idx    E Section Name        Object

    0x1000f000        -       0x00000f00   Zero   RW         4159    .ARM.__AT_0x1000F000  malloc.o



  Load Region LR$$.ARM.__AT_0x68000000 (Base: 0x68000000, Size: 0x00000000, Max: 0x000f0000, ABSOLUTE)

    Execution Region ER$$.ARM.__AT_0x68000000 (Exec base: 0x68000000, Load base: 0x68000000, Size: 0x000f0000, Max: 0x000f0000, ABSOLUTE, UNINIT)

    Exec Addr    Load Addr    Size         Type   Attr      Idx    E Section Name        Object

    0x68000000        -       0x000f0000   Zero   RW         4160    .ARM.__AT_0x68000000  malloc.o



  Load Region LR$$.ARM.__AT_0x680F0000 (Base: 0x680f0000, Size: 0x00000000, Max: 0x0000f000, ABSOLUTE)

    Execution Region ER$$.ARM.__AT_0x680F0000 (Exec base: 0x680f0000, Load base: 0x680f0000, Size: 0x0000f000, Max: 0x0000f000, ABSOLUTE, UNINIT)

    Exec Addr    Load Addr    Size         Type   Attr      Idx    E Section Name        Object

    0x680f0000        -       0x0000f000   Zero   RW         4161    .ARM.__AT_0x680F0000  malloc.o


==============================================================================

Image component sizes


      Code (inc. data)   RO Data    RW Data    ZI Data      Debug   Object Name

        76          6          0          4          0       1171   delay.o
         0          0          0          0          0      14492   event_groups.o
       436         22          0         28      76800       4727   heap_4.o
        80          8          0          0          0        823   led.o
       138          0          0          0          0       2914   list.o
       360        116          0         20          0     705829   main.o
         0          0          0          0    1109760       1913   malloc.o
       702         70          0         12          0      10224   port.o
       896         14          0          0         64      11091   queue.o
        64         26        392          0       1536        808   startup_stm32f407xx.o
        16          4          0         12          0       2061   stm32f4xx_hal.o
       146          4          0          0          0      32537   stm32f4xx_hal_cortex.o
        36          0          0          0          0       1143   stm32f4xx_hal_dma.o
       458         46          0          0          0       2140   stm32f4xx_hal_gpio.o
        64         24          0          0          0       1788   stm32f4xx_hal_rcc.o
       366          0          0          0          0       4400   stm32f4xx_hal_tim.o
         4          0          0          0          0       1533   stm32f4xx_hal_tim_ex.o
      1442         14          0          0          0       7551   stm32f4xx_hal_uart.o
        12          0          0          0          0       2525   stm32f4xx_it.o
        84         18          8          4          0       1015   system_stm32f4xx.o
      2378        158          0         64        200      25062   tasks.o
        48         16          0          0         64       1437   timer.o
       764         84          0         20         40      24118   timers.o
       334         52          0          8        264       5073   usart.o

    ----------------------------------------------------------------------
      8936        682        432        172    1188728     866375   Object Totals
         0          0         32          0          0          0   (incl. Generated)
        32          0          0          0          0          0   (incl. Padding)

    ----------------------------------------------------------------------

      Code (inc. data)   RO Data    RW Data    ZI Data      Debug   Library Member Name

         8          0          0          0          0         68   __main.o
       284          0          0          0          0        156   __printf_wp.o
         0          0          0          0          0          0   __rtentry.o
        12          0          0          0          0          0   __rtentry2.o
         6          0          0          0          0          0   __rtentry4.o
        52          8          0          0          0          0   __scatter.o
        26          0          0          0          0          0   __scatter_copy.o
        28          0          0          0          0          0   __scatter_zi.o
        48          6          0          0          0         96   _printf_char_common.o
        36          4          0          0          0         80   _printf_char_file.o
         6          0          0          0          0          0   _printf_f.o
      1050          0          0          0          0        216   _printf_fp_dec.o
       128         16          0          0          0         84   _printf_fp_infnan.o
         0          0          0          0          0          0   _printf_percent.o
         4          0          0          0          0          0   _printf_percent_end.o
        16          0          0          0          0         68   aeabi_memset.o
       220          4        148          0          0         96   bigflt0.o
      1910        128          0          0          0        672   btod.o
        12          0          0          0          0         72   exit.o
         8          0          0          0          0         68   ferror.o
         6          0          0          0          0        152   heapauxi.o
        44         10         28          0          0         76   lc_numeric_c.o
         2          0          0          0          0          0   libinit.o
        22          0          0          0          0          0   libinit2.o
         2          0          0          0          0          0   libshutdown.o
         2          0          0          0          0          0   libshutdown2.o
         8          4          0          0         96         68   libspace.o
       138          0          0          0          0         80   lludiv10.o
        24          4          0          0          0         84   noretval__2printf.o
         8          4          0          0          0         68   rt_locale_intlibspace.o
        68          0          0          0          0         68   rt_memclr.o
        78          0          0          0          0         80   rt_memclr_w.o
       138          0          0          0          0         68   rt_memcpy_v6.o
       100          0          0          0          0         80   rt_memcpy_w.o
         2          0          0          0          0          0   rtexit.o
        10          0          0          0          0          0   rtexit2.o
       128          0          0          0          0         68   strcmpv7m.o
        74          0          0          0          0         80   sys_stackheap_outer.o
         2          0          0          0          0         68   use_no_semi.o
         2          0          0          0          0         68   use_no_semi_2.o
        12          0          0          0          0        116   dretinf.o
        86          4          0          0          0        132   f2d.o
       140          4          0          0          0        132   fnaninf.o
        10          0          0          0          0        116   fpinit.o
         4          0          0          0          0        116   printf1.o
         0          0          0          0          0          0   usenofp.o
        48          0          0          0          0        124   fpclassify.o

    ----------------------------------------------------------------------
      5020        196        176          0        100       3520   Library Totals
         8          0          0          0          4          0   (incl. Padding)

    ----------------------------------------------------------------------

      Code (inc. data)   RO Data    RW Data    ZI Data      Debug   Library Name

      4712        188        176          0         96       2784   c_w.l
       252          8          0          0          0        612   fz_wm.l
        48          0          0          0          0        124   m_wm.l

    ----------------------------------------------------------------------
      5020        196        176          0        100       3520   Library Totals

    ----------------------------------------------------------------------

==============================================================================


      Code (inc. data)   RO Data    RW Data    ZI Data      Debug   

     13956        878        608        172    1188828     857835   Grand Totals
     13956        878        608        172    1188828     857835   ELF Image Totals
     13956        878        608        172          0          0   ROM Totals

==============================================================================

    Total RO  Size (Code + RO Data)                14564 (  14.22kB)
    Total RW  Size (RW Data + ZI Data)           1189000 (1161.13kB)
    Total ROM Size (Code + RO Data + RW Data)      14736 (  14.39kB)

==============================================================================

